Archive member included to satisfy reference by file (symbol)

C:/ST/STM32CubeIDE_1.12.0/STM32CubeIDE/plugins/com.st.stm32cube.ide.mcu.externaltools.gnu-tools-for-stm32.11.3.rel1.win32_1.1.0.202305231506/tools/bin/../lib/gcc/arm-none-eabi/11.3.1/../../../../arm-none-eabi/lib/thumb/v7e-m+fp/hard\libc_nano.a(libc_a-exit.o)
                              C:/ST/STM32CubeIDE_1.12.0/STM32CubeIDE/plugins/com.st.stm32cube.ide.mcu.externaltools.gnu-tools-for-stm32.11.3.rel1.win32_1.1.0.202305231506/tools/bin/../lib/gcc/arm-none-eabi/11.3.1/../../../../arm-none-eabi/lib/thumb/v7e-m+fp/hard/crt0.o (exit)
C:/ST/STM32CubeIDE_1.12.0/STM32CubeIDE/plugins/com.st.stm32cube.ide.mcu.externaltools.gnu-tools-for-stm32.11.3.rel1.win32_1.1.0.202305231506/tools/bin/../lib/gcc/arm-none-eabi/11.3.1/../../../../arm-none-eabi/lib/thumb/v7e-m+fp/hard\libc_nano.a(libc_a-findfp.o)
                              C:/ST/STM32CubeIDE_1.12.0/STM32CubeIDE/plugins/com.st.stm32cube.ide.mcu.externaltools.gnu-tools-for-stm32.11.3.rel1.win32_1.1.0.202305231506/tools/bin/../lib/gcc/arm-none-eabi/11.3.1/../../../../arm-none-eabi/lib/thumb/v7e-m+fp/hard\libc_nano.a(libc_a-exit.o) (__stdio_exit_handler)
C:/ST/STM32CubeIDE_1.12.0/STM32CubeIDE/plugins/com.st.stm32cube.ide.mcu.externaltools.gnu-tools-for-stm32.11.3.rel1.win32_1.1.0.202305231506/tools/bin/../lib/gcc/arm-none-eabi/11.3.1/../../../../arm-none-eabi/lib/thumb/v7e-m+fp/hard\libc_nano.a(libc_a-fwalk.o)
                              C:/ST/STM32CubeIDE_1.12.0/STM32CubeIDE/plugins/com.st.stm32cube.ide.mcu.externaltools.gnu-tools-for-stm32.11.3.rel1.win32_1.1.0.202305231506/tools/bin/../lib/gcc/arm-none-eabi/11.3.1/../../../../arm-none-eabi/lib/thumb/v7e-m+fp/hard\libc_nano.a(libc_a-findfp.o) (_fwalk_sglue)
C:/ST/STM32CubeIDE_1.12.0/STM32CubeIDE/plugins/com.st.stm32cube.ide.mcu.externaltools.gnu-tools-for-stm32.11.3.rel1.win32_1.1.0.202305231506/tools/bin/../lib/gcc/arm-none-eabi/11.3.1/../../../../arm-none-eabi/lib/thumb/v7e-m+fp/hard\libc_nano.a(libc_a-printf.o)
                              ./Core/Src/main.o (printf)
C:/ST/STM32CubeIDE_1.12.0/STM32CubeIDE/plugins/com.st.stm32cube.ide.mcu.externaltools.gnu-tools-for-stm32.11.3.rel1.win32_1.1.0.202305231506/tools/bin/../lib/gcc/arm-none-eabi/11.3.1/../../../../arm-none-eabi/lib/thumb/v7e-m+fp/hard\libc_nano.a(libc_a-puts.o)
                              ./Core/Src/main.o (puts)
C:/ST/STM32CubeIDE_1.12.0/STM32CubeIDE/plugins/com.st.stm32cube.ide.mcu.externaltools.gnu-tools-for-stm32.11.3.rel1.win32_1.1.0.202305231506/tools/bin/../lib/gcc/arm-none-eabi/11.3.1/../../../../arm-none-eabi/lib/thumb/v7e-m+fp/hard\libc_nano.a(libc_a-stdio.o)
                              C:/ST/STM32CubeIDE_1.12.0/STM32CubeIDE/plugins/com.st.stm32cube.ide.mcu.externaltools.gnu-tools-for-stm32.11.3.rel1.win32_1.1.0.202305231506/tools/bin/../lib/gcc/arm-none-eabi/11.3.1/../../../../arm-none-eabi/lib/thumb/v7e-m+fp/hard\libc_nano.a(libc_a-findfp.o) (__sread)
C:/ST/STM32CubeIDE_1.12.0/STM32CubeIDE/plugins/com.st.stm32cube.ide.mcu.externaltools.gnu-tools-for-stm32.11.3.rel1.win32_1.1.0.202305231506/tools/bin/../lib/gcc/arm-none-eabi/11.3.1/../../../../arm-none-eabi/lib/thumb/v7e-m+fp/hard\libc_nano.a(libc_a-wbuf.o)
                              C:/ST/STM32CubeIDE_1.12.0/STM32CubeIDE/plugins/com.st.stm32cube.ide.mcu.externaltools.gnu-tools-for-stm32.11.3.rel1.win32_1.1.0.202305231506/tools/bin/../lib/gcc/arm-none-eabi/11.3.1/../../../../arm-none-eabi/lib/thumb/v7e-m+fp/hard\libc_nano.a(libc_a-puts.o) (__swbuf_r)
C:/ST/STM32CubeIDE_1.12.0/STM32CubeIDE/plugins/com.st.stm32cube.ide.mcu.externaltools.gnu-tools-for-stm32.11.3.rel1.win32_1.1.0.202305231506/tools/bin/../lib/gcc/arm-none-eabi/11.3.1/../../../../arm-none-eabi/lib/thumb/v7e-m+fp/hard\libc_nano.a(libc_a-wsetup.o)
                              C:/ST/STM32CubeIDE_1.12.0/STM32CubeIDE/plugins/com.st.stm32cube.ide.mcu.externaltools.gnu-tools-for-stm32.11.3.rel1.win32_1.1.0.202305231506/tools/bin/../lib/gcc/arm-none-eabi/11.3.1/../../../../arm-none-eabi/lib/thumb/v7e-m+fp/hard\libc_nano.a(libc_a-puts.o) (__swsetup_r)
C:/ST/STM32CubeIDE_1.12.0/STM32CubeIDE/plugins/com.st.stm32cube.ide.mcu.externaltools.gnu-tools-for-stm32.11.3.rel1.win32_1.1.0.202305231506/tools/bin/../lib/gcc/arm-none-eabi/11.3.1/../../../../arm-none-eabi/lib/thumb/v7e-m+fp/hard\libc_nano.a(libc_a-memset.o)
                              C:/ST/STM32CubeIDE_1.12.0/STM32CubeIDE/plugins/com.st.stm32cube.ide.mcu.externaltools.gnu-tools-for-stm32.11.3.rel1.win32_1.1.0.202305231506/tools/bin/../lib/gcc/arm-none-eabi/11.3.1/../../../../arm-none-eabi/lib/thumb/v7e-m+fp/hard/crt0.o (memset)
C:/ST/STM32CubeIDE_1.12.0/STM32CubeIDE/plugins/com.st.stm32cube.ide.mcu.externaltools.gnu-tools-for-stm32.11.3.rel1.win32_1.1.0.202305231506/tools/bin/../lib/gcc/arm-none-eabi/11.3.1/../../../../arm-none-eabi/lib/thumb/v7e-m+fp/hard\libc_nano.a(libc_a-closer.o)
[...]
Memory Configuration

Name             Origin             Length             Attributes
RAM              0x0000000020000000 0x0000000000020000 xrw
FLASH            0x0000000008000000 0x0000000000080000 xr
*default*        0x0000000000000000 0xffffffffffffffff

Linker script and memory map

LOAD C:/ST/STM32CubeIDE_1.12.0/STM32CubeIDE/plugins/com.st.stm32cube.ide.mcu.externaltools.gnu-tools-for-stm32.11.3.rel1.win32_1.1.0.202305231506/tools/bin/../lib/gcc/arm-none-eabi/11.3.1/thumb/v7e-m+fp/hard/crti.o
LOAD C:/ST/STM32CubeIDE_1.12.0/STM32CubeIDE/plugins/com.st.stm32cube.ide.mcu.externaltools.gnu-tools-for-stm32.11.3.rel1.win32_1.1.0.202305231506/tools/bin/../lib/gcc/arm-none-eabi/11.3.1/thumb/v7e-m+fp/hard/crtbegin.o
LOAD C:/ST/STM32CubeIDE_1.12.0/STM32CubeIDE/plugins/com.st.stm32cube.ide.mcu.externaltools.gnu-tools-for-stm32.11.3.rel1.win32_1.1.0.202305231506/tools/bin/../lib/gcc/arm-none-eabi/11.3.1/../../../../arm-none-eabi/lib/thumb/v7e-m+fp/hard/crt0.o
LOAD ./Core/Src/bsp.o
LOAD ./Core/Src/gpio.o
LOAD ./Core/Src/main.o
LOAD ./Core/Src/stm32f4xx_hal_msp.o
LOAD ./Core/Src/stm32f4xx_it.o
LOAD ./Core/Src/stm32f4xx_nucleo_bus.o
LOAD ./Core/Src/syscalls.o
LOAD ./Core/Src/sysmem.o
LOAD ./Core/Src/system_stm32f4xx.o
LOAD ./Core/Src/tim.o
LOAD ./Core/Startup/startup_stm32f446retx.o
LOAD ./Drivers/BSP/53L5A1/53l5a1_ranging_sensor.o
LOAD ./Drivers/BSP/Components/vl53l5cx/modules/vl53l5cx_api.o
LOAD ./Drivers/BSP/Components/vl53l5cx/modules/vl53l5cx_plugin_detection_thresholds.o
LOAD ./Drivers/BSP/Components/vl53l5cx/modules/vl53l5cx_plugin_motion_indicator.o
LOAD ./Drivers/BSP/Components/vl53l5cx/modules/vl53l5cx_plugin_xtalk.o
LOAD ./Drivers/BSP/Components/vl53l5cx/porting/platform.o
LOAD ./Drivers/BSP/Components/vl53l5cx/vl53l5cx.o
LOAD ./Drivers/BSP/STM32F4xx_Nucleo/stm32f4xx_nucleo.o
LOAD ./Drivers/STM32F4xx_HAL_Driver/Src/stm32f4xx_hal.o
LOAD ./Drivers/STM32F4xx_HAL_Driver/Src/stm32f4xx_hal_cortex.o
LOAD ./Drivers/STM32F4xx_HAL_Driver/Src/stm32f4xx_hal_dma.o
LOAD ./Drivers/STM32F4xx_HAL_Driver/Src/stm32f4xx_hal_dma_ex.o
LOAD ./Drivers/STM32F4xx_HAL_Driver/Src/stm32f4xx_hal_exti.o
LOAD ./Drivers/STM32F4xx_HAL_Driver/Src/stm32f4xx_hal_flash.o
LOAD ./Drivers/STM32F4xx_HAL_Driver/Src/stm32f4xx_hal_flash_ex.o
LOAD ./Drivers/STM32F4xx_HAL_Driver/Src/stm32f4xx_hal_flash_ramfunc.o
LOAD ./Drivers/STM32F4xx_HAL_Driver/Src/stm32f4xx_hal_gpio.o
LOAD ./Drivers/STM32F4xx_HAL_Driver/Src/stm32f4xx_hal_i2c.o
LOAD ./Drivers/STM32F4xx_HAL_Driver/Src/stm32f4xx_hal_i2c_ex.o
LOAD ./Drivers/STM32F4xx_HAL_Driver/Src/stm32f4xx_hal_pwr.o
LOAD ./Drivers/STM32F4xx_HAL_Driver/Src/stm32f4xx_hal_pwr_ex.o
LOAD ./Drivers/STM32F4xx_HAL_Driver/Src/stm32f4xx_hal_rcc.o
LOAD ./Drivers/STM32F4xx_HAL_Driver/Src/stm32f4xx_hal_rcc_ex.o
LOAD ./Drivers/STM32F4xx_HAL_Driver/Src/stm32f4xx_hal_tim.o
LOAD ./Drivers/STM32F4xx_HAL_Driver/Src/stm32f4xx_hal_tim_ex.o
LOAD ./Drivers/STM32F4xx_HAL_Driver/Src/stm32f4xx_hal_uart.o
LOAD ./TOF/App/app_tof.o
LOAD ./TOF/Target/app_tof_pin_conf.o
START GROUP
LOAD C:/ST/STM32CubeIDE_1.12.0/STM32CubeIDE/plugins/com.st.stm32cube.ide.mcu.externaltools.gnu-tools-for-stm32.11.3.rel1.win32_1.1.0.202305231506/tools/bin/../lib/gcc/arm-none-eabi/11.3.1/../../../../arm-none-eabi/lib/thumb/v7e-m+fp/hard\libc_nano.a
LOAD C:/ST/STM32CubeIDE_1.12.0/STM32CubeIDE/plugins/com.st.stm32cube.ide.mcu.externaltools.gnu-tools-for-stm32.11.3.rel1.win32_1.1.0.202305231506/tools/bin/../lib/gcc/arm-none-eabi/11.3.1/../../../../arm-none-eabi/lib/thumb/v7e-m+fp/hard\libm.a
END GROUP
START GROUP
LOAD C:/ST/STM32CubeIDE_1.12.0/STM32CubeIDE/plugins/com.st.stm32cube.ide.mcu.externaltools.gnu-tools-for-stm32.11.3.rel1.win32_1.1.0.202305231506/tools/bin/../lib/gcc/arm-none-eabi/11.3.1/thumb/v7e-m+fp/hard\libgcc.a
LOAD C:/ST/STM32CubeIDE_1.12.0/STM32CubeIDE/plugins/com.st.stm32cube.ide.mcu.externaltools.gnu-tools-for-stm32.11.3.rel1.win32_1.1.0.202305231506/tools/bin/../lib/gcc/arm-none-eabi/11.3.1/../../../../arm-none-eabi/lib/thumb/v7e-m+fp/hard\libc_nano.a
END GROUP
START GROUP
LOAD C:/ST/STM32CubeIDE_1.12.0/STM32CubeIDE/plugins/com.st.stm32cube.ide.mcu.externaltools.gnu-tools-for-stm32.11.3.rel1.win32_1.1.0.202305231506/tools/bin/../lib/gcc/arm-none-eabi/11.3.1/thumb/v7e-m+fp/hard\libgcc.a
LOAD C:/ST/STM32CubeIDE_1.12.0/STM32CubeIDE/plugins/com.st.stm32cube.ide.mcu.externaltools.gnu-tools-for-stm32.11.3.rel1.win32_1.1.0.202305231506/tools/bin/../lib/gcc/arm-none-eabi/11.3.1/../../../../arm-none-eabi/lib/thumb/v7e-m+fp/hard\libc_nano.a
LOAD C:/ST/STM32CubeIDE_1.12.0/STM32CubeIDE/plugins/com.st.stm32cube.ide.mcu.externaltools.gnu-tools-for-stm32.11.3.rel1.win32_1.1.0.202305231506/tools/bin/../lib/gcc/arm-none-eabi/11.3.1/../../../../arm-none-eabi/lib/thumb/v7e-m+fp/hard\libnosys.a
END GROUP
START GROUP
LOAD C:/ST/STM32CubeIDE_1.12.0/STM32CubeIDE/plugins/com.st.stm32cube.ide.mcu.externaltools.gnu-tools-for-stm32.11.3.rel1.win32_1.1.0.202305231506/tools/bin/../lib/gcc/arm-none-eabi/11.3.1/thumb/v7e-m+fp/hard\libgcc.a
LOAD C:/ST/STM32CubeIDE_1.12.0/STM32CubeIDE/plugins/com.st.stm32cube.ide.mcu.externaltools.gnu-tools-for-stm32.11.3.rel1.win32_1.1.0.202305231506/tools/bin/../lib/gcc/arm-none-eabi/11.3.1/../../../../arm-none-eabi/lib/thumb/v7e-m+fp/hard\libc_nano.a
LOAD C:/ST/STM32CubeIDE_1.12.0/STM32CubeIDE/plugins/com.st.stm32cube.ide.mcu.externaltools.gnu-tools-for-stm32.11.3.rel1.win32_1.1.0.202305231506/tools/bin/../lib/gcc/arm-none-eabi/11.3.1/../../../../arm-none-eabi/lib/thumb/v7e-m+fp/hard\libnosys.a
END GROUP
LOAD C:/ST/STM32CubeIDE_1.12.0/STM32CubeIDE/plugins/com.st.stm32cube.ide.mcu.externaltools.gnu-tools-for-stm32.11.3.rel1.win32_1.1.0.202305231506/tools/bin/../lib/gcc/arm-none-eabi/11.3.1/thumb/v7e-m+fp/hard/crtend.o
LOAD C:/ST/STM32CubeIDE_1.12.0/STM32CubeIDE/plugins/com.st.stm32cube.ide.mcu.externaltools.gnu-tools-for-stm32.11.3.rel1.win32_1.1.0.202305231506/tools/bin/../lib/gcc/arm-none-eabi/11.3.1/thumb/v7e-m+fp/hard/crtn.o
                0x0000000020020000                _estack = (ORIGIN (RAM) + LENGTH (RAM))
                0x0000000000000200                _Min_Heap_Size = 0x200
                0x0000000000000400                _Min_Stack_Size = 0x400

.isr_vector     0x0000000008000000      0x1c4
                0x0000000008000000                . = ALIGN (0x4)
 *(.isr_vector)
 .isr_vector    0x0000000008000000      0x1c4 ./Core/Startup/startup_stm32f446retx.o
                0x0000000008000000                g_pfnVectors
                0x00000000080001c4                . = ALIGN (0x4)

.text           0x00000000080001d0     0xac18
                0x00000000080001d0                . = ALIGN (0x4)
 *(.text)
 .text          0x00000000080001d0       0x40 C:/ST/STM32CubeIDE_1.12.0/STM32CubeIDE/plugins/com.st.stm32cube.ide.mcu.externaltools.gnu-tools-for-stm32.11.3.rel1.win32_1.1.0.202305231506/tools/bin/../lib/gcc/arm-none-eabi/11.3.1/thumb/v7e-m+fp/hard/crtbegin.o
 .text          0x0000000008000210       0xa0 C:/ST/STM32CubeIDE_1.12.0/STM32CubeIDE/plugins/com.st.stm32cube.ide.mcu.externaltools.gnu-tools-for-stm32.11.3.rel1.win32_1.1.0.202305231506/tools/bin/../lib/gcc/arm-none-eabi/11.3.1/../../../../arm-none-eabi/lib/thumb/v7e-m+fp/hard\libc_nano.a(libc_a-memchr.o)
                0x0000000008000210                memchr
 .text          0x00000000080002b0      0x378 C:/ST/STM32CubeIDE_1.12.0/STM32CubeIDE/plugins/com.st.stm32cube.ide.mcu.externaltools.gnu-tools-for-stm32.11.3.rel1.win32_1.1.0.202305231506/tools/bin/../lib/gcc/arm-none-eabi/11.3.1/thumb/v7e-m+fp/hard\libgcc.a(_arm_addsubdf3.o)
                0x00000000080002b0                __aeabi_drsub
                0x00000000080002b8                __aeabi_dsub
                0x00000000080002b8                __subdf3
                0x00000000080002bc                __aeabi_dadd
                0x00000000080002bc                __adddf3
                0x0000000008000534                __floatunsidf
                0x0000000008000534                __aeabi_ui2d
                0x0000000008000554                __floatsidf
                0x0000000008000554                __aeabi_i2d
                0x0000000008000578                __aeabi_f2d
                0x0000000008000578                __extendsfdf2
                0x00000000080005bc                __floatundidf
                0x00000000080005bc                __aeabi_ul2d
                0x00000000080005cc                __floatdidf
                0x00000000080005cc                __aeabi_l2d
 .text          0x0000000008000628      0x424 C:/ST/STM32CubeIDE_1.12.0/STM32CubeIDE/plugins/com.st.stm32cube.ide.mcu.externaltools.gnu-tools-for-stm32.11.3.rel1.win32_1.1.0.202305231506/tools/bin/../lib/gcc/arm-none-eabi/11.3.1/thumb/v7e-m+fp/hard\libgcc.a(_arm_muldivdf3.o)
                0x0000000008000628                __aeabi_dmul
                0x0000000008000628                __muldf3
                0x000000000800087c                __divdf3
                0x000000000800087c                __aeabi_ddiv
 .text          0x0000000008000a4c       0x50 C:/ST/STM32CubeIDE_1.12.0/STM32CubeIDE/plugins/com.st.stm32cube.ide.mcu.externaltools.gnu-tools-for-stm32.11.3.rel1.win32_1.1.0.202305231506/tools/bin/../lib/gcc/arm-none-eabi/11.3.1/thumb/v7e-m+fp/hard\libgcc.a(_arm_fixdfsi.o)
                0x0000000008000a4c                __aeabi_d2iz
                0x0000000008000a4c                __fixdfsi
 .text          0x0000000008000a9c       0x40 C:/ST/STM32CubeIDE_1.12.0/STM32CubeIDE/plugins/com.st.stm32cube.ide.mcu.externaltools.gnu-tools-for-stm32.11.3.rel1.win32_1.1.0.202305231506/tools/bin/../lib/gcc/arm-none-eabi/11.3.1/thumb/v7e-m+fp/hard\libgcc.a(_arm_fixunsdfsi.o)
                0x0000000008000a9c                __aeabi_d2uiz
                0x0000000008000a9c                __fixunsdfsi
 .text          0x0000000008000adc       0x30 C:/ST/STM32CubeIDE_1.12.0/STM32CubeIDE/plugins/com.st.stm32cube.ide.mcu.externaltools.gnu-tools-for-stm32.11.3.rel1.win32_1.1.0.202305231506/tools/bin/../lib/gcc/arm-none-eabi/11.3.1/thumb/v7e-m+fp/hard\libgcc.a(_aeabi_uldivmod.o)
                0x0000000008000adc                __aeabi_uldivmod
 .text          0x0000000008000b0c      0x2c8 C:/ST/STM32CubeIDE_1.12.0/STM32CubeIDE/plugins/com.st.stm32cube.ide.mcu.externaltools.gnu-tools-for-stm32.11.3.rel1.win32_1.1.0.202305231506/tools/bin/../lib/gcc/arm-none-eabi/11.3.1/thumb/v7e-m+fp/hard\libgcc.a(_udivmoddi4.o)
                0x0000000008000b0c                __udivmoddi4
 .text          0x0000000008000dd4        0x4 C:/ST/STM32CubeIDE_1.12.0/STM32CubeIDE/plugins/com.st.stm32cube.ide.mcu.externaltools.gnu-tools-for-stm32.11.3.rel1.win32_1.1.0.202305231506/tools/bin/../lib/gcc/arm-none-eabi/11.3.1/thumb/v7e-m+fp/hard\libgcc.a(_dvmd_tls.o)
                0x0000000008000dd4                __aeabi_idiv0
                0x0000000008000dd4                __aeabi_ldiv0
 *(.text*)
 .text.MX_GPIO_Init
                0x0000000008000dd8      0x180 ./Core/Src/gpio.o
                0x0000000008000dd8                MX_GPIO_Init
 .text.max.0    0x0000000008000f58       0x8a ./Core/Src/main.o
 *fill*         0x0000000008000fe2        0x2 
 .text.main     0x0000000008000fe4       0xc0 ./Core/Src/main.o
                0x0000000008000fe4                main
 .text.forward.4
                0x00000000080010a4       0x50 ./Core/Src/main.o
 .text.spin.2   0x00000000080010f4       0x68 ./Core/Src/main.o
 .text.goRight.5
                0x000000000800115c       0x68 ./Core/Src/main.o
 .text.goLeft.3
                0x00000000080011c4       0x68 ./Core/Src/main.o
 *fill*         0x000000000800122c        0x4 
 .text.check.1  0x0000000008001230      0x114 ./Core/Src/main.o
 .text.SystemClock_Config
                0x0000000008001344       0xdc ./Core/Src/main.o
                0x0000000008001344                SystemClock_Config
 .text.Error_Handler
                0x0000000008001420        0xa ./Core/Src/main.o
                0x0000000008001420                Error_Handler
 *fill*         0x000000000800142a        0x2 
 .text.HAL_MspInit
                0x000000000800142c       0x50 ./Core/Src/stm32f4xx_hal_msp.o
                0x000000000800142c                HAL_MspInit
 .text.NMI_Handler
                0x000000000800147c        0x6 ./Core/Src/stm32f4xx_it.o
                0x000000000800147c                NMI_Handler
 .text.HardFault_Handler
                0x0000000008001482        0x6 ./Core/Src/stm32f4xx_it.o
                0x0000000008001482                HardFault_Handler
 .text.MemManage_Handler
                0x0000000008001488        0x6 ./Core/Src/stm32f4xx_it.o
                0x0000000008001488                MemManage_Handler
 .text.BusFault_Handler
                0x000000000800148e        0x6 ./Core/Src/stm32f4xx_it.o
                0x000000000800148e                BusFault_Handler
 .text.UsageFault_Handler
                0x0000000008001494        0x6 ./Core/Src/stm32f4xx_it.o
                0x0000000008001494                UsageFault_Handler
 .text.SVC_Handler
                0x000000000800149a        0xe ./Core/Src/stm32f4xx_it.o
                0x000000000800149a                SVC_Handler
 .text.DebugMon_Handler
                0x00000000080014a8        0xe ./Core/Src/stm32f4xx_it.o
                0x00000000080014a8                DebugMon_Handler
 .text.PendSV_Handler
                0x00000000080014b6        0xe ./Core/Src/stm32f4xx_it.o
                0x00000000080014b6                PendSV_Handler
 .text.SysTick_Handler
                0x00000000080014c4        0xc ./Core/Src/stm32f4xx_it.o
                0x00000000080014c4                SysTick_Handler
 .text.EXTI4_IRQHandler
                0x00000000080014d0        0xe ./Core/Src/stm32f4xx_it.o
                0x00000000080014d0                EXTI4_IRQHandler
 *fill*         0x00000000080014de        0x2 
 .text.TIM3_IRQHandler
                0x00000000080014e0       0x14 ./Core/Src/stm32f4xx_it.o
                0x00000000080014e0                TIM3_IRQHandler
 .text.HAL_TIM_PeriodElapsedCallback
                0x00000000080014f4       0x38 ./Core/Src/stm32f4xx_it.o
                0x00000000080014f4                HAL_TIM_PeriodElapsedCallback
 .text.BSP_I2C1_Init
                0x000000000800152c       0x64 ./Core/Src/stm32f4xx_nucleo_bus.o
                0x000000000800152c                BSP_I2C1_Init
 .text.BSP_I2C1_DeInit
                0x0000000008001590       0x50 ./Core/Src/stm32f4xx_nucleo_bus.o
                0x0000000008001590                BSP_I2C1_DeInit
 .text.BSP_I2C1_WriteReg16
                0x00000000080015e0       0x64 ./Core/Src/stm32f4xx_nucleo_bus.o
                0x00000000080015e0                BSP_I2C1_WriteReg16
 .text.BSP_I2C1_ReadReg16
                0x0000000008001644       0x64 ./Core/Src/stm32f4xx_nucleo_bus.o
                0x0000000008001644                BSP_I2C1_ReadReg16
 .text.BSP_GetTick
                0x00000000080016a8        0xe ./Core/Src/stm32f4xx_nucleo_bus.o
                0x00000000080016a8                BSP_GetTick
 *fill*         0x00000000080016b6        0x2 
 .text.MX_I2C1_Init
                0x00000000080016b8       0x68 ./Core/Src/stm32f4xx_nucleo_bus.o
                0x00000000080016b8                MX_I2C1_Init
 .text.I2C1_MspInit
                0x0000000008001720       0x94 ./Core/Src/stm32f4xx_nucleo_bus.o
 .text.I2C1_MspDeInit
                0x00000000080017b4       0x38 ./Core/Src/stm32f4xx_nucleo_bus.o
 .text._read    0x00000000080017ec       0x3a ./Core/Src/syscalls.o
                0x00000000080017ec                _read
 .text._write   0x0000000008001826       0x38 ./Core/Src/syscalls.o
                0x0000000008001826                _write
 .text._close   0x000000000800185e       0x18 ./Core/Src/syscalls.o
                0x000000000800185e                _close
 .text._fstat   0x0000000008001876       0x20 ./Core/Src/syscalls.o
                0x0000000008001876                _fstat
 .text._isatty  0x0000000008001896       0x16 ./Core/Src/syscalls.o
                0x0000000008001896                _isatty
 .text._lseek   0x00000000080018ac       0x1a ./Core/Src/syscalls.o
                0x00000000080018ac                _lseek
 *fill*         0x00000000080018c6        0x2 
 .text._sbrk    0x00000000080018c8       0x6c ./Core/Src/sysmem.o
                0x00000000080018c8                _sbrk
 .text.SystemInit
                0x0000000008001934       0x24 ./Core/Src/system_stm32f4xx.o
                0x0000000008001934                SystemInit
 .text.MX_TIM2_Init
                0x0000000008001958       0xb0 ./Core/Src/tim.o
                0x0000000008001958                MX_TIM2_Init
 .text.MX_TIM3_Init
                0x0000000008001a08       0xa0 ./Core/Src/tim.o
                0x0000000008001a08                MX_TIM3_Init
 .text.HAL_TIM_PWM_MspInit
                0x0000000008001aa8       0x40 ./Core/Src/tim.o
                0x0000000008001aa8                HAL_TIM_PWM_MspInit
 .text.HAL_TIM_Base_MspInit
                0x0000000008001ae8       0x50 ./Core/Src/tim.o
                0x0000000008001ae8                HAL_TIM_Base_MspInit
 .text.HAL_TIM_MspPostInit
                0x0000000008001b38       0x70 ./Core/Src/tim.o
                0x0000000008001b38                HAL_TIM_MspPostInit
 .text.Reset_Handler
                0x0000000008001ba8       0x50 ./Core/Startup/startup_stm32f446retx.o
                0x0000000008001ba8                Reset_Handler
 .text.Default_Handler
                0x0000000008001bf8        0x2 ./Core/Startup/startup_stm32f446retx.o
                0x0000000008001bf8                RTC_Alarm_IRQHandler
                0x0000000008001bf8                EXTI2_IRQHandler
                0x0000000008001bf8                TIM8_CC_IRQHandler
                0x0000000008001bf8                FMPI2C1_EV_IRQHandler
                0x0000000008001bf8                SPI4_IRQHandler
                0x0000000008001bf8                TIM1_CC_IRQHandler
                0x0000000008001bf8                DMA2_Stream5_IRQHandler
                0x0000000008001bf8                DMA1_Stream5_IRQHandler
                0x0000000008001bf8                PVD_IRQHandler
                0x0000000008001bf8                SDIO_IRQHandler
                0x0000000008001bf8                TAMP_STAMP_IRQHandler
                0x0000000008001bf8                CAN2_RX1_IRQHandler
                0x0000000008001bf8                EXTI3_IRQHandler
                0x0000000008001bf8                TIM8_TRG_COM_TIM14_IRQHandler
                0x0000000008001bf8                TIM1_UP_TIM10_IRQHandler
                0x0000000008001bf8                TIM8_UP_TIM13_IRQHandler
                0x0000000008001bf8                I2C3_ER_IRQHandler
                0x0000000008001bf8                EXTI0_IRQHandler
                0x0000000008001bf8                I2C2_EV_IRQHandler
                0x0000000008001bf8                DMA1_Stream2_IRQHandler
                0x0000000008001bf8                CAN1_RX0_IRQHandler
                0x0000000008001bf8                FPU_IRQHandler
                0x0000000008001bf8                OTG_HS_WKUP_IRQHandler
                0x0000000008001bf8                CAN2_SCE_IRQHandler
                0x0000000008001bf8                DMA2_Stream2_IRQHandler
                0x0000000008001bf8                SPI1_IRQHandler
                0x0000000008001bf8                TIM6_DAC_IRQHandler
                0x0000000008001bf8                TIM1_BRK_TIM9_IRQHandler
                0x0000000008001bf8                DCMI_IRQHandler
                0x0000000008001bf8                CAN2_RX0_IRQHandler
                0x0000000008001bf8                DMA2_Stream3_IRQHandler
                0x0000000008001bf8                SAI2_IRQHandler
                0x0000000008001bf8                USART6_IRQHandler
                0x0000000008001bf8                USART3_IRQHandler
                0x0000000008001bf8                CAN1_RX1_IRQHandler
                0x0000000008001bf8                UART5_IRQHandler
                0x0000000008001bf8                DMA2_Stream0_IRQHandler
                0x0000000008001bf8                TIM4_IRQHandler
                0x0000000008001bf8                QUADSPI_IRQHandler
                0x0000000008001bf8                I2C1_EV_IRQHandler
                0x0000000008001bf8                DMA1_Stream6_IRQHandler
                0x0000000008001bf8                DMA1_Stream1_IRQHandler
                0x0000000008001bf8                UART4_IRQHandler
                0x0000000008001bf8                RCC_IRQHandler
                0x0000000008001bf8                TIM8_BRK_TIM12_IRQHandler
                0x0000000008001bf8                Default_Handler
                0x0000000008001bf8                CEC_IRQHandler
                0x0000000008001bf8                EXTI15_10_IRQHandler
                0x0000000008001bf8                ADC_IRQHandler
                0x0000000008001bf8                DMA1_Stream7_IRQHandler
                0x0000000008001bf8                TIM7_IRQHandler
                0x0000000008001bf8                CAN2_TX_IRQHandler
                0x0000000008001bf8                TIM5_IRQHandler
                0x0000000008001bf8                DMA2_Stream7_IRQHandler
                0x0000000008001bf8                I2C3_EV_IRQHandler
                0x0000000008001bf8                EXTI9_5_IRQHandler
                0x0000000008001bf8                RTC_WKUP_IRQHandler
                0x0000000008001bf8                SPDIF_RX_IRQHandler
                0x0000000008001bf8                SPI2_IRQHandler
                0x0000000008001bf8                OTG_HS_EP1_IN_IRQHandler
                0x0000000008001bf8                DMA1_Stream0_IRQHandler
                0x0000000008001bf8                CAN1_TX_IRQHandler
                0x0000000008001bf8                FMPI2C1_ER_IRQHandler
                0x0000000008001bf8                OTG_HS_EP1_OUT_IRQHandler
                0x0000000008001bf8                WWDG_IRQHandler
                0x0000000008001bf8                TIM2_IRQHandler
                0x0000000008001bf8                OTG_FS_WKUP_IRQHandler
                0x0000000008001bf8                TIM1_TRG_COM_TIM11_IRQHandler
                0x0000000008001bf8                OTG_HS_IRQHandler
                0x0000000008001bf8                EXTI1_IRQHandler
                0x0000000008001bf8                USART2_IRQHandler
                0x0000000008001bf8                I2C2_ER_IRQHandler
                0x0000000008001bf8                DMA2_Stream1_IRQHandler
                0x0000000008001bf8                CAN1_SCE_IRQHandler
                0x0000000008001bf8                FLASH_IRQHandler
                0x0000000008001bf8                DMA2_Stream4_IRQHandler
                0x0000000008001bf8                USART1_IRQHandler
                0x0000000008001bf8                OTG_FS_IRQHandler
                0x0000000008001bf8                SPI3_IRQHandler
                0x0000000008001bf8                DMA1_Stream4_IRQHandler
                0x0000000008001bf8                I2C1_ER_IRQHandler
                0x0000000008001bf8                FMC_IRQHandler
                0x0000000008001bf8                DMA2_Stream6_IRQHandler
                0x0000000008001bf8                SAI1_IRQHandler
                0x0000000008001bf8                DMA1_Stream3_IRQHandler
 .text.VL53L5A1_RANGING_SENSOR_Init
                0x0000000008001bfa       0x28 ./Drivers/BSP/53L5A1/53l5a1_ranging_sensor.o
                0x0000000008001bfa                VL53L5A1_RANGING_SENSOR_Init
 *fill*         0x0000000008001c22        0x2 
 .text.VL53L5A1_RANGING_SENSOR_ReadID
                0x0000000008001c24       0x50 ./Drivers/BSP/53L5A1/53l5a1_ranging_sensor.o
                0x0000000008001c24                VL53L5A1_RANGING_SENSOR_ReadID
 .text.VL53L5A1_RANGING_SENSOR_GetCapabilities
                0x0000000008001c74       0x50 ./Drivers/BSP/53L5A1/53l5a1_ranging_sensor.o
                0x0000000008001c74                VL53L5A1_RANGING_SENSOR_GetCapabilities
 .text.VL53L5A1_RANGING_SENSOR_ConfigProfile
                0x0000000008001cc4       0x50 ./Drivers/BSP/53L5A1/53l5a1_ranging_sensor.o
                0x0000000008001cc4                VL53L5A1_RANGING_SENSOR_ConfigProfile
 .text.VL53L5A1_RANGING_SENSOR_GetDistance
                0x0000000008001d14       0x50 ./Drivers/BSP/53L5A1/53l5a1_ranging_sensor.o
                0x0000000008001d14                VL53L5A1_RANGING_SENSOR_GetDistance
 .text.VL53L5A1_RANGING_SENSOR_Start
                0x0000000008001d64       0x50 ./Drivers/BSP/53L5A1/53l5a1_ranging_sensor.o
                0x0000000008001d64                VL53L5A1_RANGING_SENSOR_Start
 .text.VL53L5A1_RANGING_SENSOR_Stop
                0x0000000008001db4       0x4c ./Drivers/BSP/53L5A1/53l5a1_ranging_sensor.o
                0x0000000008001db4                VL53L5A1_RANGING_SENSOR_Stop
 .text.VL53L5A1_RANGING_SENSOR_XTalkCalibration
                0x0000000008001e00       0x50 ./Drivers/BSP/53L5A1/53l5a1_ranging_sensor.o
                0x0000000008001e00                VL53L5A1_RANGING_SENSOR_XTalkCalibration
 .text.VL53L5CX_Probe
                0x0000000008001e50      0x118 ./Drivers/BSP/53L5A1/53l5a1_ranging_sensor.o
 .text._vl53l5cx_poll_for_answer
                0x0000000008001f68       0xa0 ./Drivers/BSP/Components/vl53l5cx/modules/vl53l5cx_api.o
 .text._vl53l5cx_poll_for_mcu_boot
                0x0000000008002008       0x82 ./Drivers/BSP/Components/vl53l5cx/modules/vl53l5cx_api.o
 *fill*         0x000000000800208a        0x2 
 .text._vl53l5cx_send_offset_data
                0x000000000800208c      0x398 ./Drivers/BSP/Components/vl53l5cx/modules/vl53l5cx_api.o
 .text._vl53l5cx_send_xtalk_data
                0x0000000008002424      0x298 ./Drivers/BSP/Components/vl53l5cx/modules/vl53l5cx_api.o
 .text.vl53l5cx_init
                0x00000000080026bc      0x874 ./Drivers/BSP/Components/vl53l5cx/modules/vl53l5cx_api.o
                0x00000000080026bc                vl53l5cx_init
 .text.vl53l5cx_set_i2c_address
                0x0000000008002f30       0x6c ./Drivers/BSP/Components/vl53l5cx/modules/vl53l5cx_api.o
                0x0000000008002f30                vl53l5cx_set_i2c_address
 .text.vl53l5cx_get_power_mode
                0x0000000008002f9c       0x86 ./Drivers/BSP/Components/vl53l5cx/modules/vl53l5cx_api.o
                0x0000000008002f9c                vl53l5cx_get_power_mode
 .text.vl53l5cx_set_power_mode
                0x0000000008003022       0xfc ./Drivers/BSP/Components/vl53l5cx/modules/vl53l5cx_api.o
                0x0000000008003022                vl53l5cx_set_power_mode
 *fill*         0x000000000800311e        0x2 
 .text.vl53l5cx_start_ranging
                0x0000000008003120      0x2e8 ./Drivers/BSP/Components/vl53l5cx/modules/vl53l5cx_api.o
                0x0000000008003120                vl53l5cx_start_ranging
 .text.vl53l5cx_stop_ranging
                0x0000000008003408      0x196 ./Drivers/BSP/Components/vl53l5cx/modules/vl53l5cx_api.o
                0x0000000008003408                vl53l5cx_stop_ranging
 .text.vl53l5cx_check_data_ready
                0x000000000800359e       0xa0 ./Drivers/BSP/Components/vl53l5cx/modules/vl53l5cx_api.o
                0x000000000800359e                vl53l5cx_check_data_ready
 *fill*         0x000000000800363e        0x2 
 .text.vl53l5cx_get_ranging_data
                0x0000000008003640      0x3ac ./Drivers/BSP/Components/vl53l5cx/modules/vl53l5cx_api.o
                0x0000000008003640                vl53l5cx_get_ranging_data
 .text.vl53l5cx_get_resolution
                0x00000000080039ec       0x4a ./Drivers/BSP/Components/vl53l5cx/modules/vl53l5cx_api.o
                0x00000000080039ec                vl53l5cx_get_resolution
 .text.vl53l5cx_set_resolution
                0x0000000008003a36      0x1a8 ./Drivers/BSP/Components/vl53l5cx/modules/vl53l5cx_api.o
                0x0000000008003a36                vl53l5cx_set_resolution
 .text.vl53l5cx_get_ranging_frequency_hz
                0x0000000008003bde       0x3e ./Drivers/BSP/Components/vl53l5cx/modules/vl53l5cx_api.o
                0x0000000008003bde                vl53l5cx_get_ranging_frequency_hz
 .text.vl53l5cx_set_ranging_frequency_hz
                0x0000000008003c1c       0x42 ./Drivers/BSP/Components/vl53l5cx/modules/vl53l5cx_api.o
                0x0000000008003c1c                vl53l5cx_set_ranging_frequency_hz
 *fill*         0x0000000008003c5e        0x2 
 .text.vl53l5cx_get_integration_time_ms
                0x0000000008003c60       0x58 ./Drivers/BSP/Components/vl53l5cx/modules/vl53l5cx_api.o
                0x0000000008003c60                vl53l5cx_get_integration_time_ms
 .text.vl53l5cx_set_integration_time_ms
                0x0000000008003cb8       0x6a ./Drivers/BSP/Components/vl53l5cx/modules/vl53l5cx_api.o
                0x0000000008003cb8                vl53l5cx_set_integration_time_ms
 *fill*         0x0000000008003d22        0x2 
 .text.vl53l5cx_get_sharpener_percent
                0x0000000008003d24       0x5c ./Drivers/BSP/Components/vl53l5cx/modules/vl53l5cx_api.o
                0x0000000008003d24                vl53l5cx_get_sharpener_percent
 .text.vl53l5cx_set_sharpener_percent
                0x0000000008003d80       0x70 ./Drivers/BSP/Components/vl53l5cx/modules/vl53l5cx_api.o
                0x0000000008003d80                vl53l5cx_set_sharpener_percent
 .text.vl53l5cx_get_target_order
                0x0000000008003df0       0x3e ./Drivers/BSP/Components/vl53l5cx/modules/vl53l5cx_api.o
                0x0000000008003df0                vl53l5cx_get_target_order
 .text.vl53l5cx_set_target_order
                0x0000000008003e2e       0x58 ./Drivers/BSP/Components/vl53l5cx/modules/vl53l5cx_api.o
                0x0000000008003e2e                vl53l5cx_set_target_order
 .text.vl53l5cx_get_ranging_mode
                0x0000000008003e86       0x4c ./Drivers/BSP/Components/vl53l5cx/modules/vl53l5cx_api.o
                0x0000000008003e86                vl53l5cx_get_ranging_mode
 .text.vl53l5cx_set_ranging_mode
                0x0000000008003ed2       0xae ./Drivers/BSP/Components/vl53l5cx/modules/vl53l5cx_api.o
                0x0000000008003ed2                vl53l5cx_set_ranging_mode
 .text.vl53l5cx_dci_read_data
                0x0000000008003f80      0x114 ./Drivers/BSP/Components/vl53l5cx/modules/vl53l5cx_api.o
                0x0000000008003f80                vl53l5cx_dci_read_data
 .text.vl53l5cx_dci_write_data
                0x0000000008004094      0x13c ./Drivers/BSP/Components/vl53l5cx/modules/vl53l5cx_api.o
                0x0000000008004094                vl53l5cx_dci_write_data
 .text.vl53l5cx_dci_replace_data
                0x00000000080041d0       0x58 ./Drivers/BSP/Components/vl53l5cx/modules/vl53l5cx_api.o
                0x00000000080041d0                vl53l5cx_dci_replace_data
 .text.vl53l5cx_set_detection_thresholds_enable
                0x0000000008004228       0x8c ./Drivers/BSP/Components/vl53l5cx/modules/vl53l5cx_plugin_detection_thresholds.o
                0x0000000008004228                vl53l5cx_set_detection_thresholds_enable
 .text.vl53l5cx_set_detection_thresholds
                0x00000000080042b4      0x2c0 ./Drivers/BSP/Components/vl53l5cx/modules/vl53l5cx_plugin_detection_thresholds.o
                0x00000000080042b4                vl53l5cx_set_detection_thresholds
 .text._vl53l5cx_poll_for_answer
                0x0000000008004574       0x7c ./Drivers/BSP/Components/vl53l5cx/modules/vl53l5cx_plugin_xtalk.o
 .text._vl53l5cx_program_output_config
                0x00000000080045f0      0x1cc ./Drivers/BSP/Components/vl53l5cx/modules/vl53l5cx_plugin_xtalk.o
 .text.vl53l5cx_calibrate_xtalk
                0x00000000080047bc      0x4c0 ./Drivers/BSP/Components/vl53l5cx/modules/vl53l5cx_plugin_xtalk.o
                0x00000000080047bc                vl53l5cx_calibrate_xtalk
 .text.vl53l5cx_get_xtalk_margin
                0x0000000008004c7c       0x4c ./Drivers/BSP/Components/vl53l5cx/modules/vl53l5cx_plugin_xtalk.o
                0x0000000008004c7c                vl53l5cx_get_xtalk_margin
 .text.vl53l5cx_set_xtalk_margin
                0x0000000008004cc8       0x60 ./Drivers/BSP/Components/vl53l5cx/modules/vl53l5cx_plugin_xtalk.o
                0x0000000008004cc8                vl53l5cx_set_xtalk_margin
 .text.RdByte   0x0000000008004d28       0x2a ./Drivers/BSP/Components/vl53l5cx/porting/platform.o
                0x0000000008004d28                RdByte
 .text.WrByte   0x0000000008004d52       0x2c ./Drivers/BSP/Components/vl53l5cx/porting/platform.o
                0x0000000008004d52                WrByte
 .text.WrMulti  0x0000000008004d7e       0x2e ./Drivers/BSP/Components/vl53l5cx/porting/platform.o
                0x0000000008004d7e                WrMulti
 .text.RdMulti  0x0000000008004dac       0x2e ./Drivers/BSP/Components/vl53l5cx/porting/platform.o
                0x0000000008004dac                RdMulti
 .text.SwapBuffer
                0x0000000008004dda       0x6c ./Drivers/BSP/Components/vl53l5cx/porting/platform.o
                0x0000000008004dda                SwapBuffer
 .text.WaitMs   0x0000000008004e46       0x34 ./Drivers/BSP/Components/vl53l5cx/porting/platform.o
                0x0000000008004e46                WaitMs
 .text.VL53L5CX_RegisterBusIO
                0x0000000008004e7a       0x90 ./Drivers/BSP/Components/vl53l5cx/vl53l5cx.o
                0x0000000008004e7a                VL53L5CX_RegisterBusIO
 .text.VL53L5CX_Init
                0x0000000008004f0a       0x7e ./Drivers/BSP/Components/vl53l5cx/vl53l5cx.o
                0x0000000008004f0a                VL53L5CX_Init
 .text.VL53L5CX_DeInit
                0x0000000008004f88       0x52 ./Drivers/BSP/Components/vl53l5cx/vl53l5cx.o
                0x0000000008004f88                VL53L5CX_DeInit
 .text.VL53L5CX_ReadID
                0x0000000008004fda       0xc0 ./Drivers/BSP/Components/vl53l5cx/vl53l5cx.o
                0x0000000008004fda                VL53L5CX_ReadID
 .text.VL53L5CX_GetCapabilities
                0x000000000800509a       0x48 ./Drivers/BSP/Components/vl53l5cx/vl53l5cx.o
                0x000000000800509a                VL53L5CX_GetCapabilities
 *fill*         0x00000000080050e2        0x2 
 .text.VL53L5CX_ConfigProfile
                0x00000000080050e4      0x13c ./Drivers/BSP/Components/vl53l5cx/vl53l5cx.o
                0x00000000080050e4                VL53L5CX_ConfigProfile
 .text.VL53L5CX_ConfigROI
                0x0000000008005220       0x1a ./Drivers/BSP/Components/vl53l5cx/vl53l5cx.o
                0x0000000008005220                VL53L5CX_ConfigROI
 *fill*         0x000000000800523a        0x2 
 .text.VL53L5CX_ConfigIT
                0x000000000800523c      0x170 ./Drivers/BSP/Components/vl53l5cx/vl53l5cx.o
                0x000000000800523c                VL53L5CX_ConfigIT
 .text.VL53L5CX_GetDistance
                0x00000000080053ac       0x6c ./Drivers/BSP/Components/vl53l5cx/vl53l5cx.o
                0x00000000080053ac                VL53L5CX_GetDistance
 .text.VL53L5CX_Start
                0x0000000008005418       0xbc ./Drivers/BSP/Components/vl53l5cx/vl53l5cx.o
                0x0000000008005418                VL53L5CX_Start
 .text.VL53L5CX_Stop
                0x00000000080054d4       0x56 ./Drivers/BSP/Components/vl53l5cx/vl53l5cx.o
                0x00000000080054d4                VL53L5CX_Stop
 .text.VL53L5CX_SetAddress
                0x000000000800552a       0x50 ./Drivers/BSP/Components/vl53l5cx/vl53l5cx.o
                0x000000000800552a                VL53L5CX_SetAddress
 .text.VL53L5CX_GetAddress
                0x000000000800557a       0x3a ./Drivers/BSP/Components/vl53l5cx/vl53l5cx.o
                0x000000000800557a                VL53L5CX_GetAddress
 .text.VL53L5CX_SetPowerMode
                0x00000000080055b4       0x58 ./Drivers/BSP/Components/vl53l5cx/vl53l5cx.o
                0x00000000080055b4                VL53L5CX_SetPowerMode
 .text.VL53L5CX_GetPowerMode
                0x000000000800560c       0x58 ./Drivers/BSP/Components/vl53l5cx/vl53l5cx.o
                0x000000000800560c                VL53L5CX_GetPowerMode
 .text.VL53L5CX_XTalkCalibration
                0x0000000008005664       0x42 ./Drivers/BSP/Components/vl53l5cx/vl53l5cx.o
                0x0000000008005664                VL53L5CX_XTalkCalibration
 .text.vl53l5cx_poll_for_measurement
                0x00000000080056a6       0x66 ./Drivers/BSP/Components/vl53l5cx/vl53l5cx.o
 .text.vl53l5cx_get_result
                0x000000000800570c      0x1cc ./Drivers/BSP/Components/vl53l5cx/vl53l5cx.o
 .text.vl53l5cx_map_target_status
                0x00000000080058d8       0x3a ./Drivers/BSP/Components/vl53l5cx/vl53l5cx.o
 *fill*         0x0000000008005912        0x2 
 .text.BSP_PB_Init
                0x0000000008005914       0xa8 ./Drivers/BSP/STM32F4xx_Nucleo/stm32f4xx_nucleo.o
                0x0000000008005914                BSP_PB_Init
 .text.BUTTON_USER_EXTI_Callback
                0x00000000080059bc        0xe ./Drivers/BSP/STM32F4xx_Nucleo/stm32f4xx_nucleo.o
 .text.BUTTON_USER_GPIO_Init
                0x00000000080059ca        0xe ./Drivers/BSP/STM32F4xx_Nucleo/stm32f4xx_nucleo.o
 .text.BSP_COM_Init
                0x00000000080059d8       0x7c ./Drivers/BSP/STM32F4xx_Nucleo/stm32f4xx_nucleo.o
                0x00000000080059d8                BSP_COM_Init
 .text.MX_USART2_UART_Init
                0x0000000008005a54       0x5c ./Drivers/BSP/STM32F4xx_Nucleo/stm32f4xx_nucleo.o
                0x0000000008005a54                MX_USART2_UART_Init
 .text.__io_putchar
                0x0000000008005ab0       0x38 ./Drivers/BSP/STM32F4xx_Nucleo/stm32f4xx_nucleo.o
                0x0000000008005ab0                __io_putchar
 .text.USART2_MspInit
                0x0000000008005ae8       0x90 ./Drivers/BSP/STM32F4xx_Nucleo/stm32f4xx_nucleo.o
 .text.HAL_Init
                0x0000000008005b78       0x44 ./Drivers/STM32F4xx_HAL_Driver/Src/stm32f4xx_hal.o
                0x0000000008005b78                HAL_Init
 .text.HAL_InitTick
                0x0000000008005bbc       0x60 ./Drivers/STM32F4xx_HAL_Driver/Src/stm32f4xx_hal.o
                0x0000000008005bbc                HAL_InitTick
 .text.HAL_IncTick
                0x0000000008005c1c       0x28 ./Drivers/STM32F4xx_HAL_Driver/Src/stm32f4xx_hal.o
                0x0000000008005c1c                HAL_IncTick
 .text.HAL_GetTick
                0x0000000008005c44       0x18 ./Drivers/STM32F4xx_HAL_Driver/Src/stm32f4xx_hal.o
                0x0000000008005c44                HAL_GetTick
 .text.HAL_Delay
                0x0000000008005c5c       0x48 ./Drivers/STM32F4xx_HAL_Driver/Src/stm32f4xx_hal.o
                0x0000000008005c5c                HAL_Delay
 .text.__NVIC_SetPriorityGrouping
                0x0000000008005ca4       0x48 ./Drivers/STM32F4xx_HAL_Driver/Src/stm32f4xx_hal_cortex.o
 .text.__NVIC_GetPriorityGrouping
                0x0000000008005cec       0x1c ./Drivers/STM32F4xx_HAL_Driver/Src/stm32f4xx_hal_cortex.o
 .text.__NVIC_EnableIRQ
                0x0000000008005d08       0x3c ./Drivers/STM32F4xx_HAL_Driver/Src/stm32f4xx_hal_cortex.o
 .text.__NVIC_SetPriority
                0x0000000008005d44       0x54 ./Drivers/STM32F4xx_HAL_Driver/Src/stm32f4xx_hal_cortex.o
 .text.NVIC_EncodePriority
                0x0000000008005d98       0x66 ./Drivers/STM32F4xx_HAL_Driver/Src/stm32f4xx_hal_cortex.o
 *fill*         0x0000000008005dfe        0x2 
 .text.SysTick_Config
                0x0000000008005e00       0x44 ./Drivers/STM32F4xx_HAL_Driver/Src/stm32f4xx_hal_cortex.o
 .text.HAL_NVIC_SetPriorityGrouping
                0x0000000008005e44       0x16 ./Drivers/STM32F4xx_HAL_Driver/Src/stm32f4xx_hal_cortex.o
                0x0000000008005e44                HAL_NVIC_SetPriorityGrouping
 .text.HAL_NVIC_SetPriority
                0x0000000008005e5a       0x38 ./Drivers/STM32F4xx_HAL_Driver/Src/stm32f4xx_hal_cortex.o
                0x0000000008005e5a                HAL_NVIC_SetPriority
 .text.HAL_NVIC_EnableIRQ
                0x0000000008005e92       0x1c ./Drivers/STM32F4xx_HAL_Driver/Src/stm32f4xx_hal_cortex.o
                0x0000000008005e92                HAL_NVIC_EnableIRQ
 .text.HAL_SYSTICK_Config
                0x0000000008005eae       0x18 ./Drivers/STM32F4xx_HAL_Driver/Src/stm32f4xx_hal_cortex.o
                0x0000000008005eae                HAL_SYSTICK_Config
 .text.HAL_EXTI_RegisterCallback
                0x0000000008005ec6       0x34 ./Drivers/STM32F4xx_HAL_Driver/Src/stm32f4xx_hal_exti.o
                0x0000000008005ec6                HAL_EXTI_RegisterCallback
 .text.HAL_EXTI_GetHandle
                0x0000000008005efa       0x28 ./Drivers/STM32F4xx_HAL_Driver/Src/stm32f4xx_hal_exti.o
                0x0000000008005efa                HAL_EXTI_GetHandle
 *fill*         0x0000000008005f22        0x2 
 .text.HAL_GPIO_Init
                0x0000000008005f24      0x328 ./Drivers/STM32F4xx_HAL_Driver/Src/stm32f4xx_hal_gpio.o
                0x0000000008005f24                HAL_GPIO_Init
 .text.HAL_GPIO_DeInit
                0x000000000800624c      0x1e8 ./Drivers/STM32F4xx_HAL_Driver/Src/stm32f4xx_hal_gpio.o
                0x000000000800624c                HAL_GPIO_DeInit
 .text.HAL_GPIO_WritePin
                0x0000000008006434       0x32 ./Drivers/STM32F4xx_HAL_Driver/Src/stm32f4xx_hal_gpio.o
                0x0000000008006434                HAL_GPIO_WritePin
 *fill*         0x0000000008006466        0x2 
 .text.HAL_GPIO_EXTI_IRQHandler
                0x0000000008006468       0x30 ./Drivers/STM32F4xx_HAL_Driver/Src/stm32f4xx_hal_gpio.o
                0x0000000008006468                HAL_GPIO_EXTI_IRQHandler
 .text.HAL_I2C_Init
                0x0000000008006498      0x288 ./Drivers/STM32F4xx_HAL_Driver/Src/stm32f4xx_hal_i2c.o
                0x0000000008006498                HAL_I2C_Init
 .text.HAL_I2C_DeInit
                0x0000000008006720       0x5e ./Drivers/STM32F4xx_HAL_Driver/Src/stm32f4xx_hal_i2c.o
                0x0000000008006720                HAL_I2C_DeInit
 .text.HAL_I2C_MspInit
                0x000000000800677e       0x14 ./Drivers/STM32F4xx_HAL_Driver/Src/stm32f4xx_hal_i2c.o
                0x000000000800677e                HAL_I2C_MspInit
 .text.HAL_I2C_MspDeInit
                0x0000000008006792       0x14 ./Drivers/STM32F4xx_HAL_Driver/Src/stm32f4xx_hal_i2c.o
                0x0000000008006792                HAL_I2C_MspDeInit
 *fill*         0x00000000080067a6        0x2 
 .text.HAL_I2C_Mem_Write
                0x00000000080067a8      0x1f4 ./Drivers/STM32F4xx_HAL_Driver/Src/stm32f4xx_hal_i2c.o
                0x00000000080067a8                HAL_I2C_Mem_Write
 .text.HAL_I2C_Mem_Read
                0x000000000800699c      0x44c ./Drivers/STM32F4xx_HAL_Driver/Src/stm32f4xx_hal_i2c.o
                0x000000000800699c                HAL_I2C_Mem_Read
 .text.HAL_I2C_GetState
                0x0000000008006de8       0x1c ./Drivers/STM32F4xx_HAL_Driver/Src/stm32f4xx_hal_i2c.o
                0x0000000008006de8                HAL_I2C_GetState
 .text.HAL_I2C_GetError
                0x0000000008006e04       0x18 ./Drivers/STM32F4xx_HAL_Driver/Src/stm32f4xx_hal_i2c.o
                0x0000000008006e04                HAL_I2C_GetError
 .text.I2C_RequestMemoryWrite
                0x0000000008006e1c      0x12c ./Drivers/STM32F4xx_HAL_Driver/Src/stm32f4xx_hal_i2c.o
 .text.I2C_RequestMemoryRead
                0x0000000008006f48      0x1d0 ./Drivers/STM32F4xx_HAL_Driver/Src/stm32f4xx_hal_i2c.o
 .text.I2C_WaitOnFlagUntilTimeout
                0x0000000008007118       0xae ./Drivers/STM32F4xx_HAL_Driver/Src/stm32f4xx_hal_i2c.o
 .text.I2C_WaitOnMasterAddressFlagUntilTimeout
                0x00000000080071c6       0xfe ./Drivers/STM32F4xx_HAL_Driver/Src/stm32f4xx_hal_i2c.o
 .text.I2C_WaitOnTXEFlagUntilTimeout
                0x00000000080072c4       0x82 ./Drivers/STM32F4xx_HAL_Driver/Src/stm32f4xx_hal_i2c.o
 .text.I2C_WaitOnBTFFlagUntilTimeout
                0x0000000008007346       0x82 ./Drivers/STM32F4xx_HAL_Driver/Src/stm32f4xx_hal_i2c.o
 .text.I2C_WaitOnRXNEFlagUntilTimeout
                0x00000000080073c8       0xac ./Drivers/STM32F4xx_HAL_Driver/Src/stm32f4xx_hal_i2c.o
 .text.I2C_IsAcknowledgeFailed
                0x0000000008007474       0x5e ./Drivers/STM32F4xx_HAL_Driver/Src/stm32f4xx_hal_i2c.o
 *fill*         0x00000000080074d2        0x2 
 .text.HAL_RCC_ClockConfig
                0x00000000080074d4      0x1cc ./Drivers/STM32F4xx_HAL_Driver/Src/stm32f4xx_hal_rcc.o
                0x00000000080074d4                HAL_RCC_ClockConfig
 .text.HAL_RCC_GetHCLKFreq
                0x00000000080076a0       0x18 ./Drivers/STM32F4xx_HAL_Driver/Src/stm32f4xx_hal_rcc.o
                0x00000000080076a0                HAL_RCC_GetHCLKFreq
 .text.HAL_RCC_GetPCLK1Freq
                0x00000000080076b8       0x28 ./Drivers/STM32F4xx_HAL_Driver/Src/stm32f4xx_hal_rcc.o
                0x00000000080076b8                HAL_RCC_GetPCLK1Freq
 .text.HAL_RCC_GetPCLK2Freq
                0x00000000080076e0       0x28 ./Drivers/STM32F4xx_HAL_Driver/Src/stm32f4xx_hal_rcc.o
                0x00000000080076e0                HAL_RCC_GetPCLK2Freq
 .text.HAL_RCC_GetSysClockFreq
                0x0000000008007708      0x460 ./Drivers/STM32F4xx_HAL_Driver/Src/stm32f4xx_hal_rcc_ex.o
                0x0000000008007708                HAL_RCC_GetSysClockFreq
 .text.HAL_RCC_OscConfig
                0x0000000008007b68      0x53c ./Drivers/STM32F4xx_HAL_Driver/Src/stm32f4xx_hal_rcc_ex.o
                0x0000000008007b68                HAL_RCC_OscConfig
 .text.HAL_TIM_Base_Init
                0x00000000080080a4       0x9e ./Drivers/STM32F4xx_HAL_Driver/Src/stm32f4xx_hal_tim.o
                0x00000000080080a4                HAL_TIM_Base_Init
 *fill*         0x0000000008008142        0x2 
 .text.HAL_TIM_Base_Start_IT
                0x0000000008008144       0xe0 ./Drivers/STM32F4xx_HAL_Driver/Src/stm32f4xx_hal_tim.o
                0x0000000008008144                HAL_TIM_Base_Start_IT
 .text.HAL_TIM_PWM_Init
                0x0000000008008224       0x9e ./Drivers/STM32F4xx_HAL_Driver/Src/stm32f4xx_hal_tim.o
                0x0000000008008224                HAL_TIM_PWM_Init
 *fill*         0x00000000080082c2        0x2 
 .text.HAL_TIM_PWM_Start
                0x00000000080082c4      0x190 ./Drivers/STM32F4xx_HAL_Driver/Src/stm32f4xx_hal_tim.o
                0x00000000080082c4                HAL_TIM_PWM_Start
 .text.HAL_TIM_PWM_Stop
                0x0000000008008454       0xe0 ./Drivers/STM32F4xx_HAL_Driver/Src/stm32f4xx_hal_tim.o
                0x0000000008008454                HAL_TIM_PWM_Stop
 .text.HAL_TIM_IRQHandler
                0x0000000008008534      0x210 ./Drivers/STM32F4xx_HAL_Driver/Src/stm32f4xx_hal_tim.o
                0x0000000008008534                HAL_TIM_IRQHandler
 .text.HAL_TIM_PWM_ConfigChannel
                0x0000000008008744      0x184 ./Drivers/STM32F4xx_HAL_Driver/Src/stm32f4xx_hal_tim.o
                0x0000000008008744                HAL_TIM_PWM_ConfigChannel
 .text.HAL_TIM_SlaveConfigSynchro
                0x00000000080088c8       0x84 ./Drivers/STM32F4xx_HAL_Driver/Src/stm32f4xx_hal_tim.o
                0x00000000080088c8                HAL_TIM_SlaveConfigSynchro
 .text.HAL_TIM_OC_DelayElapsedCallback
                0x000000000800894c       0x14 ./Drivers/STM32F4xx_HAL_Driver/Src/stm32f4xx_hal_tim.o
                0x000000000800894c                HAL_TIM_OC_DelayElapsedCallback
 .text.HAL_TIM_IC_CaptureCallback
                0x0000000008008960       0x14 ./Drivers/STM32F4xx_HAL_Driver/Src/stm32f4xx_hal_tim.o
                0x0000000008008960                HAL_TIM_IC_CaptureCallback
 .text.HAL_TIM_PWM_PulseFinishedCallback
                0x0000000008008974       0x14 ./Drivers/STM32F4xx_HAL_Driver/Src/stm32f4xx_hal_tim.o
                0x0000000008008974                HAL_TIM_PWM_PulseFinishedCallback
 .text.HAL_TIM_TriggerCallback
                0x0000000008008988       0x14 ./Drivers/STM32F4xx_HAL_Driver/Src/stm32f4xx_hal_tim.o
                0x0000000008008988                HAL_TIM_TriggerCallback
 .text.HAL_TIM_Base_GetState
                0x000000000800899c       0x1c ./Drivers/STM32F4xx_HAL_Driver/Src/stm32f4xx_hal_tim.o
                0x000000000800899c                HAL_TIM_Base_GetState
 .text.TIM_Base_SetConfig
                0x00000000080089b8      0x140 ./Drivers/STM32F4xx_HAL_Driver/Src/stm32f4xx_hal_tim.o
                0x00000000080089b8                TIM_Base_SetConfig
 .text.TIM_OC1_SetConfig
                0x0000000008008af8       0xe0 ./Drivers/STM32F4xx_HAL_Driver/Src/stm32f4xx_hal_tim.o
 .text.TIM_OC2_SetConfig
                0x0000000008008bd8       0xec ./Drivers/STM32F4xx_HAL_Driver/Src/stm32f4xx_hal_tim.o
                0x0000000008008bd8                TIM_OC2_SetConfig
 .text.TIM_OC3_SetConfig
                0x0000000008008cc4       0xe8 ./Drivers/STM32F4xx_HAL_Driver/Src/stm32f4xx_hal_tim.o
 .text.TIM_OC4_SetConfig
                0x0000000008008dac       0xac ./Drivers/STM32F4xx_HAL_Driver/Src/stm32f4xx_hal_tim.o
 .text.TIM_SlaveTimer_SetConfig
                0x0000000008008e58      0x122 ./Drivers/STM32F4xx_HAL_Driver/Src/stm32f4xx_hal_tim.o
 .text.TIM_TI1_ConfigInputStage
                0x0000000008008f7a       0x5e ./Drivers/STM32F4xx_HAL_Driver/Src/stm32f4xx_hal_tim.o
 .text.TIM_TI2_ConfigInputStage
                0x0000000008008fd8       0x60 ./Drivers/STM32F4xx_HAL_Driver/Src/stm32f4xx_hal_tim.o
 .text.TIM_ETR_SetConfig
                0x0000000008009038       0x40 ./Drivers/STM32F4xx_HAL_Driver/Src/stm32f4xx_hal_tim.o
                0x0000000008009038                TIM_ETR_SetConfig
 .text.TIM_CCxChannelCmd
                0x0000000008009078       0x4a ./Drivers/STM32F4xx_HAL_Driver/Src/stm32f4xx_hal_tim.o
                0x0000000008009078                TIM_CCxChannelCmd
 *fill*         0x00000000080090c2        0x2 
 .text.HAL_TIMEx_MasterConfigSynchronization
                0x00000000080090c4       0xf8 ./Drivers/STM32F4xx_HAL_Driver/Src/stm32f4xx_hal_tim_ex.o
                0x00000000080090c4                HAL_TIMEx_MasterConfigSynchronization
 .text.HAL_TIMEx_CommutCallback
                0x00000000080091bc       0x14 ./Drivers/STM32F4xx_HAL_Driver/Src/stm32f4xx_hal_tim_ex.o
                0x00000000080091bc                HAL_TIMEx_CommutCallback
 .text.HAL_TIMEx_BreakCallback
                0x00000000080091d0       0x14 ./Drivers/STM32F4xx_HAL_Driver/Src/stm32f4xx_hal_tim_ex.o
                0x00000000080091d0                HAL_TIMEx_BreakCallback
 .text.HAL_UART_Init
                0x00000000080091e4       0x9a ./Drivers/STM32F4xx_HAL_Driver/Src/stm32f4xx_hal_uart.o
                0x00000000080091e4                HAL_UART_Init
 .text.HAL_UART_MspInit
                0x000000000800927e       0x14 ./Drivers/STM32F4xx_HAL_Driver/Src/stm32f4xx_hal_uart.o
                0x000000000800927e                HAL_UART_MspInit
 .text.HAL_UART_Transmit
                0x0000000008009292      0x124 ./Drivers/STM32F4xx_HAL_Driver/Src/stm32f4xx_hal_uart.o
                0x0000000008009292                HAL_UART_Transmit
 .text.HAL_UART_Receive
                0x00000000080093b6      0x144 ./Drivers/STM32F4xx_HAL_Driver/Src/stm32f4xx_hal_uart.o
                0x00000000080093b6                HAL_UART_Receive
 .text.UART_WaitOnFlagUntilTimeout
                0x00000000080094fa       0xdc ./Drivers/STM32F4xx_HAL_Driver/Src/stm32f4xx_hal_uart.o
 *fill*         0x00000000080095d6        0x2 
 .text.UART_SetConfig
                0x00000000080095d8      0x4e8 ./Drivers/STM32F4xx_HAL_Driver/Src/stm32f4xx_hal_uart.o
 .text.MX_TOF_Init
                0x0000000008009ac0        0xc ./TOF/App/app_tof.o
                0x0000000008009ac0                MX_TOF_Init
 .text.MX_53L5A1_SimpleRanging_Init
                0x0000000008009acc       0x44 ./TOF/App/app_tof.o
 .text.get_3_row
                0x0000000008009b10      0x120 ./TOF/App/app_tof.o
                0x0000000008009b10                get_3_row
 .text.TOF_Read_Distances
                0x0000000008009c30       0xe8 ./TOF/App/app_tof.o
                0x0000000008009c30                TOF_Read_Distances
 .text.toggle_resolution
                0x0000000008009d18       0x68 ./TOF/App/app_tof.o
 .text.toggle_signal_and_ambient
                0x0000000008009d80       0x4c ./TOF/App/app_tof.o
 .text.clear_screen
                0x0000000008009dcc       0x14 ./TOF/App/app_tof.o
 .text.handle_cmd
                0x0000000008009de0       0x40 ./TOF/App/app_tof.o
 .text.get_key  0x0000000008009e20       0x28 ./TOF/App/app_tof.o
 .text.com_has_data
                0x0000000008009e48       0x28 ./TOF/App/app_tof.o
 .text.BSP_PB_Callback
                0x0000000008009e70       0x20 ./TOF/App/app_tof.o
                0x0000000008009e70                BSP_PB_Callback
 .text.HAL_GPIO_EXTI_Callback
                0x0000000008009e90       0x28 ./TOF/Target/app_tof_pin_conf.o
                0x0000000008009e90                HAL_GPIO_EXTI_Callback
 .text.std      0x0000000008009eb8       0x48 C:/ST/STM32CubeIDE_1.12.0/STM32CubeIDE/plugins/com.st.stm32cube.ide.mcu.externaltools.gnu-tools-for-stm32.11.3.rel1.win32_1.1.0.202305231506/tools/bin/../lib/gcc/arm-none-eabi/11.3.1/../../../../arm-none-eabi/lib/thumb/v7e-m+fp/hard\libc_nano.a(libc_a-findfp.o)
 .text.stdio_exit_handler
                0x0000000008009f00       0x18 C:/ST/STM32CubeIDE_1.12.0/STM32CubeIDE/plugins/com.st.stm32cube.ide.mcu.externaltools.gnu-tools-for-stm32.11.3.rel1.win32_1.1.0.202305231506/tools/bin/../lib/gcc/arm-none-eabi/11.3.1/../../../../arm-none-eabi/lib/thumb/v7e-m+fp/hard\libc_nano.a(libc_a-findfp.o)
 .text.cleanup_stdio
                0x0000000008009f18       0x40 C:/ST/STM32CubeIDE_1.12.0/STM32CubeIDE/plugins/com.st.stm32cube.ide.mcu.externaltools.gnu-tools-for-stm32.11.3.rel1.win32_1.1.0.202305231506/tools/bin/../lib/gcc/arm-none-eabi/11.3.1/../../../../arm-none-eabi/lib/thumb/v7e-m+fp/hard\libc_nano.a(libc_a-findfp.o)
 .text.global_stdio_init.part.0
                0x0000000008009f58       0x3c C:/ST/STM32CubeIDE_1.12.0/STM32CubeIDE/plugins/com.st.stm32cube.ide.mcu.externaltools.gnu-tools-for-stm32.11.3.rel1.win32_1.1.0.202305231506/tools/bin/../lib/gcc/arm-none-eabi/11.3.1/../../../../arm-none-eabi/lib/thumb/v7e-m+fp/hard\libc_nano.a(libc_a-findfp.o)
 .text.__sfp_lock_acquire
                0x0000000008009f94        0xc C:/ST/STM32CubeIDE_1.12.0/STM32CubeIDE/plugins/com.st.stm32cube.ide.mcu.externaltools.gnu-tools-for-stm32.11.3.rel1.win32_1.1.0.202305231506/tools/bin/../lib/gcc/arm-none-eabi/11.3.1/../../../../arm-none-eabi/lib/thumb/v7e-m+fp/hard\libc_nano.a(libc_a-findfp.o)
                0x0000000008009f94                __sfp_lock_acquire
 .text.__sfp_lock_release
                0x0000000008009fa0        0xc C:/ST/STM32CubeIDE_1.12.0/STM32CubeIDE/plugins/com.st.stm32cube.ide.mcu.externaltools.gnu-tools-for-stm32.11.3.rel1.win32_1.1.0.202305231506/tools/bin/../lib/gcc/arm-none-eabi/11.3.1/../../../../arm-none-eabi/lib/thumb/v7e-m+fp/hard\libc_nano.a(libc_a-findfp.o)
                0x0000000008009fa0                __sfp_lock_release
 .text.__sinit  0x0000000008009fac       0x30 C:/ST/STM32CubeIDE_1.12.0/STM32CubeIDE/plugins/com.st.stm32cube.ide.mcu.externaltools.gnu-tools-for-stm32.11.3.rel1.win32_1.1.0.202305231506/tools/bin/../lib/gcc/arm-none-eabi/11.3.1/../../../../arm-none-eabi/lib/thumb/v7e-m+fp/hard\libc_nano.a(libc_a-findfp.o)
                0x0000000008009fac                __sinit
 .text._fwalk_sglue
                0x0000000008009fdc       0x3c C:/ST/STM32CubeIDE_1.12.0/STM32CubeIDE/plugins/com.st.stm32cube.ide.mcu.externaltools.gnu-tools-for-stm32.11.3.rel1.win32_1.1.0.202305231506/tools/bin/../lib/gcc/arm-none-eabi/11.3.1/../../../../arm-none-eabi/lib/thumb/v7e-m+fp/hard\libc_nano.a(libc_a-fwalk.o)
                0x0000000008009fdc                _fwalk_sglue
 .text.printf   0x000000000800a018       0x24 C:/ST/STM32CubeIDE_1.12.0/STM32CubeIDE/plugins/com.st.stm32cube.ide.mcu.externaltools.gnu-tools-for-stm32.11.3.rel1.win32_1.1.0.202305231506/tools/bin/../lib/gcc/arm-none-eabi/11.3.1/../../../../arm-none-eabi/lib/thumb/v7e-m+fp/hard\libc_nano.a(libc_a-printf.o)
                0x000000000800a018                iprintf
                0x000000000800a018                printf
 .text._puts_r  0x000000000800a03c       0xa8 C:/ST/STM32CubeIDE_1.12.0/STM32CubeIDE/plugins/com.st.stm32cube.ide.mcu.externaltools.gnu-tools-for-stm32.11.3.rel1.win32_1.1.0.202305231506/tools/bin/../lib/gcc/arm-none-eabi/11.3.1/../../../../arm-none-eabi/lib/thumb/v7e-m+fp/hard\libc_nano.a(libc_a-puts.o)
                0x000000000800a03c                _puts_r
 .text.puts     0x000000000800a0e4       0x10 C:/ST/STM32CubeIDE_1.12.0/STM32CubeIDE/plugins/com.st.stm32cube.ide.mcu.externaltools.gnu-tools-for-stm32.11.3.rel1.win32_1.1.0.202305231506/tools/bin/../lib/gcc/arm-none-eabi/11.3.1/../../../../arm-none-eabi/lib/thumb/v7e-m+fp/hard\libc_nano.a(libc_a-puts.o)
                0x000000000800a0e4                puts
 .text.__sread  0x000000000800a0f4       0x22 C:/ST/STM32CubeIDE_1.12.0/STM32CubeIDE/plugins/com.st.stm32cube.ide.mcu.externaltools.gnu-tools-for-stm32.11.3.rel1.win32_1.1.0.202305231506/tools/bin/../lib/gcc/arm-none-eabi/11.3.1/../../../../arm-none-eabi/lib/thumb/v7e-m+fp/hard\libc_nano.a(libc_a-stdio.o)
                0x000000000800a0f4                __sread
 .text.__swrite
                0x000000000800a116       0x38 C:/ST/STM32CubeIDE_1.12.0/STM32CubeIDE/plugins/com.st.stm32cube.ide.mcu.externaltools.gnu-tools-for-stm32.11.3.rel1.win32_1.1.0.202305231506/tools/bin/../lib/gcc/arm-none-eabi/11.3.1/../../../../arm-none-eabi/lib/thumb/v7e-m+fp/hard\libc_nano.a(libc_a-stdio.o)
                0x000000000800a116                __swrite
 .text.__sseek  0x000000000800a14e       0x24 C:/ST/STM32CubeIDE_1.12.0/STM32CubeIDE/plugins/com.st.stm32cube.ide.mcu.externaltools.gnu-tools-for-stm32.11.3.rel1.win32_1.1.0.202305231506/tools/bin/../lib/gcc/arm-none-eabi/11.3.1/../../../../arm-none-eabi/lib/thumb/v7e-m+fp/hard\libc_nano.a(libc_a-stdio.o)
                0x000000000800a14e                __sseek
 .text.__sclose
                0x000000000800a172        0x8 C:/ST/STM32CubeIDE_1.12.0/STM32CubeIDE/plugins/com.st.stm32cube.ide.mcu.externaltools.gnu-tools-for-stm32.11.3.rel1.win32_1.1.0.202305231506/tools/bin/../lib/gcc/arm-none-eabi/11.3.1/../../../../arm-none-eabi/lib/thumb/v7e-m+fp/hard\libc_nano.a(libc_a-stdio.o)
                0x000000000800a172                __sclose
 .text.__swbuf_r
                0x000000000800a17a       0x7a C:/ST/STM32CubeIDE_1.12.0/STM32CubeIDE/plugins/com.st.stm32cube.ide.mcu.externaltools.gnu-tools-for-stm32.11.3.rel1.win32_1.1.0.202305231506/tools/bin/../lib/gcc/arm-none-eabi/11.3.1/../../../../arm-none-eabi/lib/thumb/v7e-m+fp/hard\libc_nano.a(libc_a-wbuf.o)
                0x000000000800a17a                __swbuf_r
 .text.__swsetup_r
                0x000000000800a1f4       0xb0 C:/ST/STM32CubeIDE_1.12.0/STM32CubeIDE/plugins/com.st.stm32cube.ide.mcu.externaltools.gnu-tools-for-stm32.11.3.rel1.win32_1.1.0.202305231506/tools/bin/../lib/gcc/arm-none-eabi/11.3.1/../../../../arm-none-eabi/lib/thumb/v7e-m+fp/hard\libc_nano.a(libc_a-wsetup.o)
                0x000000000800a1f4                __swsetup_r
 .text.memset   0x000000000800a2a4       0x10 C:/ST/STM32CubeIDE_1.12.0/STM32CubeIDE/plugins/com.st.stm32cube.ide.mcu.externaltools.gnu-tools-for-stm32.11.3.rel1.win32_1.1.0.202305231506/tools/bin/../lib/gcc/arm-none-eabi/11.3.1/../../../../arm-none-eabi/lib/thumb/v7e-m+fp/hard\libc_nano.a(libc_a-memset.o)
                0x000000000800a2a4                memset
 .text._close_r
                0x000000000800a2b4       0x20 C:/ST/STM32CubeIDE_1.12.0/STM32CubeIDE/plugins/com.st.stm32cube.ide.mcu.externaltools.gnu-tools-for-stm32.11.3.rel1.win32_1.1.0.202305231506/tools/bin/../lib/gcc/arm-none-eabi/11.3.1/../../../../arm-none-eabi/lib/thumb/v7e-m+fp/hard\libc_nano.a(libc_a-closer.o)
                0x000000000800a2b4                _close_r
 .text._lseek_r
                0x000000000800a2d4       0x24 C:/ST/STM32CubeIDE_1.12.0/STM32CubeIDE/plugins/com.st.stm32cube.ide.mcu.externaltools.gnu-tools-for-stm32.11.3.rel1.win32_1.1.0.202305231506/tools/bin/../lib/gcc/arm-none-eabi/11.3.1/../../../../arm-none-eabi/lib/thumb/v7e-m+fp/hard\libc_nano.a(libc_a-lseekr.o)
                0x000000000800a2d4                _lseek_r
 .text._read_r  0x000000000800a2f8       0x24 C:/ST/STM32CubeIDE_1.12.0/STM32CubeIDE/plugins/com.st.stm32cube.ide.mcu.externaltools.gnu-tools-for-stm32.11.3.rel1.win32_1.1.0.202305231506/tools/bin/../lib/gcc/arm-none-eabi/11.3.1/../../../../arm-none-eabi/lib/thumb/v7e-m+fp/hard\libc_nano.a(libc_a-readr.o)
                0x000000000800a2f8                _read_r
 .text._write_r
                0x000000000800a31c       0x24 C:/ST/STM32CubeIDE_1.12.0/STM32CubeIDE/plugins/com.st.stm32cube.ide.mcu.externaltools.gnu-tools-for-stm32.11.3.rel1.win32_1.1.0.202305231506/tools/bin/../lib/gcc/arm-none-eabi/11.3.1/../../../../arm-none-eabi/lib/thumb/v7e-m+fp/hard\libc_nano.a(libc_a-writer.o)
                0x000000000800a31c                _write_r
 .text.__errno  0x000000000800a340        0xc C:/ST/STM32CubeIDE_1.12.0/STM32CubeIDE/plugins/com.st.stm32cube.ide.mcu.externaltools.gnu-tools-for-stm32.11.3.rel1.win32_1.1.0.202305231506/tools/bin/../lib/gcc/arm-none-eabi/11.3.1/../../../../arm-none-eabi/lib/thumb/v7e-m+fp/hard\libc_nano.a(libc_a-errno.o)
                0x000000000800a340                __errno
 .text.__libc_init_array
                0x000000000800a34c       0x48 C:/ST/STM32CubeIDE_1.12.0/STM32CubeIDE/plugins/com.st.stm32cube.ide.mcu.externaltools.gnu-tools-for-stm32.11.3.rel1.win32_1.1.0.202305231506/tools/bin/../lib/gcc/arm-none-eabi/11.3.1/../../../../arm-none-eabi/lib/thumb/v7e-m+fp/hard\libc_nano.a(libc_a-init.o)
                0x000000000800a34c                __libc_init_array
 .text.__retarget_lock_acquire_recursive
                0x000000000800a394        0x2 C:/ST/STM32CubeIDE_1.12.0/STM32CubeIDE/plugins/com.st.stm32cube.ide.mcu.externaltools.gnu-tools-for-stm32.11.3.rel1.win32_1.1.0.202305231506/tools/bin/../lib/gcc/arm-none-eabi/11.3.1/../../../../arm-none-eabi/lib/thumb/v7e-m+fp/hard\libc_nano.a(libc_a-lock.o)
                0x000000000800a394                __retarget_lock_acquire_recursive
 .text.__retarget_lock_release_recursive
                0x000000000800a396        0x2 C:/ST/STM32CubeIDE_1.12.0/STM32CubeIDE/plugins/com.st.stm32cube.ide.mcu.externaltools.gnu-tools-for-stm32.11.3.rel1.win32_1.1.0.202305231506/tools/bin/../lib/gcc/arm-none-eabi/11.3.1/../../../../arm-none-eabi/lib/thumb/v7e-m+fp/hard\libc_nano.a(libc_a-lock.o)
                0x000000000800a396                __retarget_lock_release_recursive
 .text.memcpy   0x000000000800a398       0x1c C:/ST/STM32CubeIDE_1.12.0/STM32CubeIDE/plugins/com.st.stm32cube.ide.mcu.externaltools.gnu-tools-for-stm32.11.3.rel1.win32_1.1.0.202305231506/tools/bin/../lib/gcc/arm-none-eabi/11.3.1/../../../../arm-none-eabi/lib/thumb/v7e-m+fp/hard\libc_nano.a(libc_a-memcpy-stub.o)
                0x000000000800a398                memcpy
 .text._free_r  0x000000000800a3b4       0x98 C:/ST/STM32CubeIDE_1.12.0/STM32CubeIDE/plugins/com.st.stm32cube.ide.mcu.externaltools.gnu-tools-for-stm32.11.3.rel1.win32_1.1.0.202305231506/tools/bin/../lib/gcc/arm-none-eabi/11.3.1/../../../../arm-none-eabi/lib/thumb/v7e-m+fp/hard\libc_nano.a(libc_a-freer.o)
                0x000000000800a3b4                _free_r
 .text.sbrk_aligned
                0x000000000800a44c       0x40 C:/ST/STM32CubeIDE_1.12.0/STM32CubeIDE/plugins/com.st.stm32cube.ide.mcu.externaltools.gnu-tools-for-stm32.11.3.rel1.win32_1.1.0.202305231506/tools/bin/../lib/gcc/arm-none-eabi/11.3.1/../../../../arm-none-eabi/lib/thumb/v7e-m+fp/hard\libc_nano.a(libc_a-mallocr.o)
 .text._malloc_r
                0x000000000800a48c      0x100 C:/ST/STM32CubeIDE_1.12.0/STM32CubeIDE/plugins/com.st.stm32cube.ide.mcu.externaltools.gnu-tools-for-stm32.11.3.rel1.win32_1.1.0.202305231506/tools/bin/../lib/gcc/arm-none-eabi/11.3.1/../../../../arm-none-eabi/lib/thumb/v7e-m+fp/hard\libc_nano.a(libc_a-mallocr.o)
                0x000000000800a48c                _malloc_r
 .text.__malloc_lock
                0x000000000800a58c        0xc C:/ST/STM32CubeIDE_1.12.0/STM32CubeIDE/plugins/com.st.stm32cube.ide.mcu.externaltools.gnu-tools-for-stm32.11.3.rel1.win32_1.1.0.202305231506/tools/bin/../lib/gcc/arm-none-eabi/11.3.1/../../../../arm-none-eabi/lib/thumb/v7e-m+fp/hard\libc_nano.a(libc_a-mlock.o)
                0x000000000800a58c                __malloc_lock
 .text.__malloc_unlock
                0x000000000800a598        0xc C:/ST/STM32CubeIDE_1.12.0/STM32CubeIDE/plugins/com.st.stm32cube.ide.mcu.externaltools.gnu-tools-for-stm32.11.3.rel1.win32_1.1.0.202305231506/tools/bin/../lib/gcc/arm-none-eabi/11.3.1/../../../../arm-none-eabi/lib/thumb/v7e-m+fp/hard\libc_nano.a(libc_a-mlock.o)
                0x000000000800a598                __malloc_unlock
 .text.__sfputc_r
                0x000000000800a5a4       0x2e C:/ST/STM32CubeIDE_1.12.0/STM32CubeIDE/plugins/com.st.stm32cube.ide.mcu.externaltools.gnu-tools-for-stm32.11.3.rel1.win32_1.1.0.202305231506/tools/bin/../lib/gcc/arm-none-eabi/11.3.1/../../../../arm-none-eabi/lib/thumb/v7e-m+fp/hard\libc_nano.a(libc_a-nano-vfprintf.o)
 .text.__sfputs_r
                0x000000000800a5d2       0x24 C:/ST/STM32CubeIDE_1.12.0/STM32CubeIDE/plugins/com.st.stm32cube.ide.mcu.externaltools.gnu-tools-for-stm32.11.3.rel1.win32_1.1.0.202305231506/tools/bin/../lib/gcc/arm-none-eabi/11.3.1/../../../../arm-none-eabi/lib/thumb/v7e-m+fp/hard\libc_nano.a(libc_a-nano-vfprintf.o)
                0x000000000800a5d2                __sfputs_r
 *fill*         0x000000000800a5f6        0x2 
 .text._vfprintf_r
                0x000000000800a5f8      0x234 C:/ST/STM32CubeIDE_1.12.0/STM32CubeIDE/plugins/com.st.stm32cube.ide.mcu.externaltools.gnu-tools-for-stm32.11.3.rel1.win32_1.1.0.202305231506/tools/bin/../lib/gcc/arm-none-eabi/11.3.1/../../../../arm-none-eabi/lib/thumb/v7e-m+fp/hard\libc_nano.a(libc_a-nano-vfprintf.o)
                0x000000000800a5f8                _vfprintf_r
                0x000000000800a5f8                _vfiprintf_r
 .text._printf_common
                0x000000000800a82c       0xda C:/ST/STM32CubeIDE_1.12.0/STM32CubeIDE/plugins/com.st.stm32cube.ide.mcu.externaltools.gnu-tools-for-stm32.11.3.rel1.win32_1.1.0.202305231506/tools/bin/../lib/gcc/arm-none-eabi/11.3.1/../../../../arm-none-eabi/lib/thumb/v7e-m+fp/hard\libc_nano.a(libc_a-nano-vfprintf_i.o)
                0x000000000800a82c                _printf_common
 *fill*         0x000000000800a906        0x2 
 .text._printf_i
                0x000000000800a908      0x244 C:/ST/STM32CubeIDE_1.12.0/STM32CubeIDE/plugins/com.st.stm32cube.ide.mcu.externaltools.gnu-tools-for-stm32.11.3.rel1.win32_1.1.0.202305231506/tools/bin/../lib/gcc/arm-none-eabi/11.3.1/../../../../arm-none-eabi/lib/thumb/v7e-m+fp/hard\libc_nano.a(libc_a-nano-vfprintf_i.o)
                0x000000000800a908                _printf_i
 .text.__sflush_r
                0x000000000800ab4c      0x10c C:/ST/STM32CubeIDE_1.12.0/STM32CubeIDE/plugins/com.st.stm32cube.ide.mcu.externaltools.gnu-tools-for-stm32.11.3.rel1.win32_1.1.0.202305231506/tools/bin/../lib/gcc/arm-none-eabi/11.3.1/../../../../arm-none-eabi/lib/thumb/v7e-m+fp/hard\libc_nano.a(libc_a-fflush.o)
                0x000000000800ab4c                __sflush_r
 .text._fflush_r
                0x000000000800ac58       0x50 C:/ST/STM32CubeIDE_1.12.0/STM32CubeIDE/plugins/com.st.stm32cube.ide.mcu.externaltools.gnu-tools-for-stm32.11.3.rel1.win32_1.1.0.202305231506/tools/bin/../lib/gcc/arm-none-eabi/11.3.1/../../../../arm-none-eabi/lib/thumb/v7e-m+fp/hard\libc_nano.a(libc_a-fflush.o)
                0x000000000800ac58                _fflush_r
 .text.__swhatbuf_r
                0x000000000800aca8       0x4c C:/ST/STM32CubeIDE_1.12.0/STM32CubeIDE/plugins/com.st.stm32cube.ide.mcu.externaltools.gnu-tools-for-stm32.11.3.rel1.win32_1.1.0.202305231506/tools/bin/../lib/gcc/arm-none-eabi/11.3.1/../../../../arm-none-eabi/lib/thumb/v7e-m+fp/hard\libc_nano.a(libc_a-makebuf.o)
                0x000000000800aca8                __swhatbuf_r
 .text.__smakebuf_r
                0x000000000800acf4       0x78 C:/ST/STM32CubeIDE_1.12.0/STM32CubeIDE/plugins/com.st.stm32cube.ide.mcu.externaltools.gnu-tools-for-stm32.11.3.rel1.win32_1.1.0.202305231506/tools/bin/../lib/gcc/arm-none-eabi/11.3.1/../../../../arm-none-eabi/lib/thumb/v7e-m+fp/hard\libc_nano.a(libc_a-makebuf.o)
                0x000000000800acf4                __smakebuf_r
 .text._fstat_r
                0x000000000800ad6c       0x24 C:/ST/STM32CubeIDE_1.12.0/STM32CubeIDE/plugins/com.st.stm32cube.ide.mcu.externaltools.gnu-tools-for-stm32.11.3.rel1.win32_1.1.0.202305231506/tools/bin/../lib/gcc/arm-none-eabi/11.3.1/../../../../arm-none-eabi/lib/thumb/v7e-m+fp/hard\libc_nano.a(libc_a-fstatr.o)
                0x000000000800ad6c                _fstat_r
 .text._isatty_r
                0x000000000800ad90       0x20 C:/ST/STM32CubeIDE_1.12.0/STM32CubeIDE/plugins/com.st.stm32cube.ide.mcu.externaltools.gnu-tools-for-stm32.11.3.rel1.win32_1.1.0.202305231506/tools/bin/../lib/gcc/arm-none-eabi/11.3.1/../../../../arm-none-eabi/lib/thumb/v7e-m+fp/hard\libc_nano.a(libc_a-isattyr.o)
                0x000000000800ad90                _isatty_r
 .text._sbrk_r  0x000000000800adb0       0x20 C:/ST/STM32CubeIDE_1.12.0/STM32CubeIDE/plugins/com.st.stm32cube.ide.mcu.externaltools.gnu-tools-for-stm32.11.3.rel1.win32_1.1.0.202305231506/tools/bin/../lib/gcc/arm-none-eabi/11.3.1/../../../../arm-none-eabi/lib/thumb/v7e-m+fp/hard\libc_nano.a(libc_a-sbrkr.o)
                0x000000000800adb0                _sbrk_r
 *(.glue_7)
 .glue_7        0x000000000800add0        0x0 linker stubs
 *(.glue_7t)
 .glue_7t       0x000000000800add0        0x0 linker stubs
 *(.eh_frame)
 .eh_frame      0x000000000800add0        0x0 C:/ST/STM32CubeIDE_1.12.0/STM32CubeIDE/plugins/com.st.stm32cube.ide.mcu.externaltools.gnu-tools-for-stm32.11.3.rel1.win32_1.1.0.202305231506/tools/bin/../lib/gcc/arm-none-eabi/11.3.1/thumb/v7e-m+fp/hard/crtbegin.o
 *(.init)
 .init          0x000000000800add0        0x4 C:/ST/STM32CubeIDE_1.12.0/STM32CubeIDE/plugins/com.st.stm32cube.ide.mcu.externaltools.gnu-tools-for-stm32.11.3.rel1.win32_1.1.0.202305231506/tools/bin/../lib/gcc/arm-none-eabi/11.3.1/thumb/v7e-m+fp/hard/crti.o
                0x000000000800add0                _init
 .init          0x000000000800add4        0x8 C:/ST/STM32CubeIDE_1.12.0/STM32CubeIDE/plugins/com.st.stm32cube.ide.mcu.externaltools.gnu-tools-for-stm32.11.3.rel1.win32_1.1.0.202305231506/tools/bin/../lib/gcc/arm-none-eabi/11.3.1/thumb/v7e-m+fp/hard/crtn.o
 *(.fini)
 .fini          0x000000000800addc        0x4 C:/ST/STM32CubeIDE_1.12.0/STM32CubeIDE/plugins/com.st.stm32cube.ide.mcu.externaltools.gnu-tools-for-stm32.11.3.rel1.win32_1.1.0.202305231506/tools/bin/../lib/gcc/arm-none-eabi/11.3.1/thumb/v7e-m+fp/hard/crti.o
                0x000000000800addc                _fini
 .fini          0x000000000800ade0        0x8 C:/ST/STM32CubeIDE_1.12.0/STM32CubeIDE/plugins/com.st.stm32cube.ide.mcu.externaltools.gnu-tools-for-stm32.11.3.rel1.win32_1.1.0.202305231506/tools/bin/../lib/gcc/arm-none-eabi/11.3.1/thumb/v7e-m+fp/hard/crtn.o
                0x000000000800ade8                . = ALIGN (0x4)
                0x000000000800ade8                _etext = .

.vfp11_veneer   0x000000000800ade8        0x0
 .vfp11_veneer  0x000000000800ade8        0x0 linker stubs

.v4_bx          0x000000000800ade8        0x0
 .v4_bx         0x000000000800ade8        0x0 linker stubs

.iplt           0x000000000800ade8        0x0
 .iplt          0x000000000800ade8        0x0 C:/ST/STM32CubeIDE_1.12.0/STM32CubeIDE/plugins/com.st.stm32cube.ide.mcu.externaltools.gnu-tools-for-stm32.11.3.rel1.win32_1.1.0.202305231506/tools/bin/../lib/gcc/arm-none-eabi/11.3.1/thumb/v7e-m+fp/hard/crtbegin.o

.rodata         0x000000000800ade8    0x15f8c
                0x000000000800ade8                . = ALIGN (0x4)
 *(.rodata)
 .rodata        0x000000000800ade8       0x2b ./Core/Src/main.o
 *fill*         0x000000000800ae13        0x1 
 .rodata        0x000000000800ae14       0x6c ./Drivers/BSP/Components/vl53l5cx/modules/vl53l5cx_api.o
 .rodata        0x000000000800ae80        0x8 ./Drivers/BSP/Components/vl53l5cx/modules/vl53l5cx_plugin_detection_thresholds.o
 .rodata        0x000000000800ae88       0x5c ./Drivers/BSP/Components/vl53l5cx/modules/vl53l5cx_plugin_xtalk.o
 .rodata        0x000000000800aee4      0x315 ./TOF/App/app_tof.o
 *(.rodata*)
 *fill*         0x000000000800b1f9        0x3 
 .rodata.AHBPrescTable
                0x000000000800b1fc       0x10 ./Core/Src/system_stm32f4xx.o
                0x000000000800b1fc                AHBPrescTable
 .rodata.APBPrescTable
                0x000000000800b20c        0x8 ./Core/Src/system_stm32f4xx.o
                0x000000000800b20c                APBPrescTable
 .rodata.VL53L5CX_FIRMWARE
                0x000000000800b214    0x15000 ./Drivers/BSP/Components/vl53l5cx/modules/vl53l5cx_api.o
                0x000000000800b214                VL53L5CX_FIRMWARE
 .rodata.VL53L5CX_DEFAULT_CONFIGURATION
                0x0000000008020214      0x3cc ./Drivers/BSP/Components/vl53l5cx/modules/vl53l5cx_api.o
                0x0000000008020214                VL53L5CX_DEFAULT_CONFIGURATION
 .rodata.VL53L5CX_DEFAULT_XTALK
                0x00000000080205e0      0x308 ./Drivers/BSP/Components/vl53l5cx/modules/vl53l5cx_api.o
                0x00000000080205e0                VL53L5CX_DEFAULT_XTALK
 .rodata.VL53L5CX_GET_NVM_CMD
                0x00000000080208e8       0x28 ./Drivers/BSP/Components/vl53l5cx/modules/vl53l5cx_api.o
                0x00000000080208e8                VL53L5CX_GET_NVM_CMD
 .rodata.VL53L5CX_GET_XTALK_CMD
                0x0000000008020910       0x48 ./Drivers/BSP/Components/vl53l5cx/modules/vl53l5cx_plugin_xtalk.o
 .rodata.VL53L5CX_CALIBRATE_XTALK
                0x0000000008020958      0x3d8 ./Drivers/BSP/Components/vl53l5cx/modules/vl53l5cx_plugin_xtalk.o
 .rodata.ButtonGpioInit.3
                0x0000000008020d30        0x4 ./Drivers/BSP/STM32F4xx_Nucleo/stm32f4xx_nucleo.o
 .rodata.BUTTON_EXTI_LINE.2
                0x0000000008020d34        0x4 ./Drivers/BSP/STM32F4xx_Nucleo/stm32f4xx_nucleo.o
 .rodata.ButtonCallback.1
                0x0000000008020d38        0x4 ./Drivers/BSP/STM32F4xx_Nucleo/stm32f4xx_nucleo.o
 .rodata.BSP_BUTTON_PRIO.0
                0x0000000008020d3c        0x4 ./Drivers/BSP/STM32F4xx_Nucleo/stm32f4xx_nucleo.o
 .rodata._vfprintf_r.str1.1
                0x0000000008020d40       0x11 C:/ST/STM32CubeIDE_1.12.0/STM32CubeIDE/plugins/com.st.stm32cube.ide.mcu.externaltools.gnu-tools-for-stm32.11.3.rel1.win32_1.1.0.202305231506/tools/bin/../lib/gcc/arm-none-eabi/11.3.1/../../../../arm-none-eabi/lib/thumb/v7e-m+fp/hard\libc_nano.a(libc_a-nano-vfprintf.o)
 .rodata._printf_i.str1.1
                0x0000000008020d51       0x22 C:/ST/STM32CubeIDE_1.12.0/STM32CubeIDE/plugins/com.st.stm32cube.ide.mcu.externaltools.gnu-tools-for-stm32.11.3.rel1.win32_1.1.0.202305231506/tools/bin/../lib/gcc/arm-none-eabi/11.3.1/../../../../arm-none-eabi/lib/thumb/v7e-m+fp/hard\libc_nano.a(libc_a-nano-vfprintf_i.o)
                0x0000000008020d74                . = ALIGN (0x4)
 *fill*         0x0000000008020d73        0x1 

.ARM.extab      0x0000000008020d74        0x0
                0x0000000008020d74                . = ALIGN (0x4)
 *(.ARM.extab* .gnu.linkonce.armextab.*)
                0x0000000008020d74                . = ALIGN (0x4)

.ARM            0x0000000008020d74        0x8
                0x0000000008020d74                . = ALIGN (0x4)
                0x0000000008020d74                __exidx_start = .
 *(.ARM.exidx*)
 .ARM.exidx     0x0000000008020d74        0x8 C:/ST/STM32CubeIDE_1.12.0/STM32CubeIDE/plugins/com.st.stm32cube.ide.mcu.externaltools.gnu-tools-for-stm32.11.3.rel1.win32_1.1.0.202305231506/tools/bin/../lib/gcc/arm-none-eabi/11.3.1/thumb/v7e-m+fp/hard\libgcc.a(_udivmoddi4.o)
                0x0000000008020d7c                __exidx_end = .
                0x0000000008020d7c                . = ALIGN (0x4)

.rel.dyn        0x0000000008020d7c        0x0
 .rel.iplt      0x0000000008020d7c        0x0 C:/ST/STM32CubeIDE_1.12.0/STM32CubeIDE/plugins/com.st.stm32cube.ide.mcu.externaltools.gnu-tools-for-stm32.11.3.rel1.win32_1.1.0.202305231506/tools/bin/../lib/gcc/arm-none-eabi/11.3.1/thumb/v7e-m+fp/hard/crtbegin.o

.preinit_array  0x0000000008020d7c        0x0
                0x0000000008020d7c                . = ALIGN (0x4)
                0x0000000008020d7c                PROVIDE (__preinit_array_start = .)
 *(.preinit_array*)
                0x0000000008020d7c                PROVIDE (__preinit_array_end = .)
                0x0000000008020d7c                . = ALIGN (0x4)

.init_array     0x0000000008020d7c        0x4
                0x0000000008020d7c                . = ALIGN (0x4)
                0x0000000008020d7c                PROVIDE (__init_array_start = .)
 *(SORT_BY_NAME(.init_array.*))
 *(.init_array*)
 .init_array    0x0000000008020d7c        0x4 C:/ST/STM32CubeIDE_1.12.0/STM32CubeIDE/plugins/com.st.stm32cube.ide.mcu.externaltools.gnu-tools-for-stm32.11.3.rel1.win32_1.1.0.202305231506/tools/bin/../lib/gcc/arm-none-eabi/11.3.1/thumb/v7e-m+fp/hard/crtbegin.o
                0x0000000008020d80                PROVIDE (__init_array_end = .)
                0x0000000008020d80                . = ALIGN (0x4)

.fini_array     0x0000000008020d80        0x4
                0x0000000008020d80                . = ALIGN (0x4)
                [!provide]                        PROVIDE (__fini_array_start = .)
 *(SORT_BY_NAME(.fini_array.*))
 *(.fini_array*)
 .fini_array    0x0000000008020d80        0x4 C:/ST/STM32CubeIDE_1.12.0/STM32CubeIDE/plugins/com.st.stm32cube.ide.mcu.externaltools.gnu-tools-for-stm32.11.3.rel1.win32_1.1.0.202305231506/tools/bin/../lib/gcc/arm-none-eabi/11.3.1/thumb/v7e-m+fp/hard/crtbegin.o
                [!provide]                        PROVIDE (__fini_array_end = .)
                0x0000000008020d84                . = ALIGN (0x4)
                0x0000000008020d84                _sidata = LOADADDR (.data)

.data           0x0000000020000000       0xac load address 0x0000000008020d84
                0x0000000020000000                . = ALIGN (0x4)
                0x0000000020000000                _sdata = .
 *(.data)
 *(.data*)
 .data.SystemCoreClock
                0x0000000020000000        0x4 ./Core/Src/system_stm32f4xx.o
                0x0000000020000000                SystemCoreClock
 .data.VL53L5CX_RANGING_SENSOR_Driver
                0x0000000020000004       0x38 ./Drivers/BSP/Components/vl53l5cx/vl53l5cx.o
                0x0000000020000004                VL53L5CX_RANGING_SENSOR_Driver
 .data.hpb_exti
                0x000000002000003c        0x8 ./Drivers/BSP/STM32F4xx_Nucleo/stm32f4xx_nucleo.o
                0x000000002000003c                hpb_exti
 .data.COM_USART
                0x0000000020000044        0x4 ./Drivers/BSP/STM32F4xx_Nucleo/stm32f4xx_nucleo.o
                0x0000000020000044                COM_USART
 .data.uwTickPrio
                0x0000000020000048        0x4 ./Drivers/STM32F4xx_HAL_Driver/Src/stm32f4xx_hal.o
                0x0000000020000048                uwTickPrio
 .data.uwTickFreq
                0x000000002000004c        0x1 ./Drivers/STM32F4xx_HAL_Driver/Src/stm32f4xx_hal.o
                0x000000002000004c                uwTickFreq
 *fill*         0x000000002000004d        0x3 
 .data.__sglue  0x0000000020000050        0xc C:/ST/STM32CubeIDE_1.12.0/STM32CubeIDE/plugins/com.st.stm32cube.ide.mcu.externaltools.gnu-tools-for-stm32.11.3.rel1.win32_1.1.0.202305231506/tools/bin/../lib/gcc/arm-none-eabi/11.3.1/../../../../arm-none-eabi/lib/thumb/v7e-m+fp/hard\libc_nano.a(libc_a-findfp.o)
                0x0000000020000050                __sglue
 .data._impure_data
                0x000000002000005c       0x4c C:/ST/STM32CubeIDE_1.12.0/STM32CubeIDE/plugins/com.st.stm32cube.ide.mcu.externaltools.gnu-tools-for-stm32.11.3.rel1.win32_1.1.0.202305231506/tools/bin/../lib/gcc/arm-none-eabi/11.3.1/../../../../arm-none-eabi/lib/thumb/v7e-m+fp/hard\libc_nano.a(libc_a-impure.o)
                0x000000002000005c                _impure_data
 .data._impure_ptr
                0x00000000200000a8        0x4 C:/ST/STM32CubeIDE_1.12.0/STM32CubeIDE/plugins/com.st.stm32cube.ide.mcu.externaltools.gnu-tools-for-stm32.11.3.rel1.win32_1.1.0.202305231506/tools/bin/../lib/gcc/arm-none-eabi/11.3.1/../../../../arm-none-eabi/lib/thumb/v7e-m+fp/hard\libc_nano.a(libc_a-impure.o)
                0x00000000200000a8                _impure_ptr
 *(.RamFunc)
 *(.RamFunc*)
                0x00000000200000ac                . = ALIGN (0x4)
                0x00000000200000ac                _edata = .

.igot.plt       0x00000000200000ac        0x0 load address 0x0000000008020e30
 .igot.plt      0x00000000200000ac        0x0 C:/ST/STM32CubeIDE_1.12.0/STM32CubeIDE/plugins/com.st.stm32cube.ide.mcu.externaltools.gnu-tools-for-stm32.11.3.rel1.win32_1.1.0.202305231506/tools/bin/../lib/gcc/arm-none-eabi/11.3.1/thumb/v7e-m+fp/hard/crtbegin.o
                0x00000000200000ac                . = ALIGN (0x4)

.bss            0x00000000200000ac     0x2abc load address 0x0000000008020e30
                0x00000000200000ac                _sbss = .
                0x00000000200000ac                __bss_start__ = _sbss
 *(.bss)
 .bss           0x00000000200000ac       0x1c C:/ST/STM32CubeIDE_1.12.0/STM32CubeIDE/plugins/com.st.stm32cube.ide.mcu.externaltools.gnu-tools-for-stm32.11.3.rel1.win32_1.1.0.202305231506/tools/bin/../lib/gcc/arm-none-eabi/11.3.1/thumb/v7e-m+fp/hard/crtbegin.o
 *(.bss*)
 .bss.hi2c1     0x00000000200000c8       0x54 ./Core/Src/stm32f4xx_nucleo_bus.o
                0x00000000200000c8                hi2c1
 .bss.I2C1InitCounter
                0x000000002000011c        0x4 ./Core/Src/stm32f4xx_nucleo_bus.o
 .bss.__sbrk_heap_end
                0x0000000020000120        0x4 ./Core/Src/sysmem.o
 .bss.htim2     0x0000000020000124       0x48 ./Core/Src/tim.o
                0x0000000020000124                htim2
 .bss.htim3     0x000000002000016c       0x48 ./Core/Src/tim.o
                0x000000002000016c                htim3
 .bss.VL53L5A1_RANGING_SENSOR_CompObj
                0x00000000200001b4        0xc ./Drivers/BSP/53L5A1/53l5a1_ranging_sensor.o
                0x00000000200001b4                VL53L5A1_RANGING_SENSOR_CompObj
 .bss.VL53L5A1_RANGING_SENSOR_Drv
                0x00000000200001c0        0x4 ./Drivers/BSP/53L5A1/53l5a1_ranging_sensor.o
 .bss.VL53L5A1_RANGING_SENSOR_Cap
                0x00000000200001c4       0x10 ./Drivers/BSP/53L5A1/53l5a1_ranging_sensor.o
 .bss.VL53L5CXObj.0
                0x00000000200001d4     0x1bfc ./Drivers/BSP/53L5A1/53l5a1_ranging_sensor.o
 .bss.thresholds.1
                0x0000000020001dd0      0x300 ./Drivers/BSP/Components/vl53l5cx/vl53l5cx.o
 .bss.data.0    0x00000000200020d0      0x3d0 ./Drivers/BSP/Components/vl53l5cx/vl53l5cx.o
 .bss.hcom_uart
                0x00000000200024a0       0x44 ./Drivers/BSP/STM32F4xx_Nucleo/stm32f4xx_nucleo.o
                0x00000000200024a0                hcom_uart
 .bss.COM_ActiveLogPort
                0x00000000200024e4        0x1 ./Drivers/BSP/STM32F4xx_Nucleo/stm32f4xx_nucleo.o
 *fill*         0x00000000200024e5        0x3 
 .bss.uwTick    0x00000000200024e8        0x4 ./Drivers/STM32F4xx_HAL_Driver/Src/stm32f4xx_hal.o
                0x00000000200024e8                uwTick
 .bss.Cap       0x00000000200024ec       0x10 ./TOF/App/app_tof.o
 .bss.Profile   0x00000000200024fc       0x14 ./TOF/App/app_tof.o
 .bss.Result    0x0000000020002510      0x504 ./TOF/App/app_tof.o
 .bss.status    0x0000000020002a14        0x4 ./TOF/App/app_tof.o
 .bss.PushButtonDetected
                0x0000000020002a18        0x1 ./TOF/App/app_tof.o
 .bss.ToF_EventDetected
                0x0000000020002a19        0x1 ./TOF/App/app_tof.o
                0x0000000020002a19                ToF_EventDetected
 *fill*         0x0000000020002a1a        0x2 
 .bss.__sf      0x0000000020002a1c      0x138 C:/ST/STM32CubeIDE_1.12.0/STM32CubeIDE/plugins/com.st.stm32cube.ide.mcu.externaltools.gnu-tools-for-stm32.11.3.rel1.win32_1.1.0.202305231506/tools/bin/../lib/gcc/arm-none-eabi/11.3.1/../../../../arm-none-eabi/lib/thumb/v7e-m+fp/hard\libc_nano.a(libc_a-findfp.o)
                0x0000000020002a1c                __sf
 .bss.__stdio_exit_handler
                0x0000000020002b54        0x4 C:/ST/STM32CubeIDE_1.12.0/STM32CubeIDE/plugins/com.st.stm32cube.ide.mcu.externaltools.gnu-tools-for-stm32.11.3.rel1.win32_1.1.0.202305231506/tools/bin/../lib/gcc/arm-none-eabi/11.3.1/../../../../arm-none-eabi/lib/thumb/v7e-m+fp/hard\libc_nano.a(libc_a-findfp.o)
                0x0000000020002b54                __stdio_exit_handler
 .bss.errno     0x0000000020002b58        0x4 C:/ST/STM32CubeIDE_1.12.0/STM32CubeIDE/plugins/com.st.stm32cube.ide.mcu.externaltools.gnu-tools-for-stm32.11.3.rel1.win32_1.1.0.202305231506/tools/bin/../lib/gcc/arm-none-eabi/11.3.1/../../../../arm-none-eabi/lib/thumb/v7e-m+fp/hard\libc_nano.a(libc_a-reent.o)
                0x0000000020002b58                errno
 .bss.__lock___malloc_recursive_mutex
                0x0000000020002b5c        0x1 C:/ST/STM32CubeIDE_1.12.0/STM32CubeIDE/plugins/com.st.stm32cube.ide.mcu.externaltools.gnu-tools-for-stm32.11.3.rel1.win32_1.1.0.202305231506/tools/bin/../lib/gcc/arm-none-eabi/11.3.1/../../../../arm-none-eabi/lib/thumb/v7e-m+fp/hard\libc_nano.a(libc_a-lock.o)
                0x0000000020002b5c                __lock___malloc_recursive_mutex
 .bss.__lock___sfp_recursive_mutex
                0x0000000020002b5d        0x1 C:/ST/STM32CubeIDE_1.12.0/STM32CubeIDE/plugins/com.st.stm32cube.ide.mcu.externaltools.gnu-tools-for-stm32.11.3.rel1.win32_1.1.0.202305231506/tools/bin/../lib/gcc/arm-none-eabi/11.3.1/../../../../arm-none-eabi/lib/thumb/v7e-m+fp/hard\libc_nano.a(libc_a-lock.o)
                0x0000000020002b5d                __lock___sfp_recursive_mutex
 *fill*         0x0000000020002b5e        0x2 
 .bss.__malloc_free_list
                0x0000000020002b60        0x4 C:/ST/STM32CubeIDE_1.12.0/STM32CubeIDE/plugins/com.st.stm32cube.ide.mcu.externaltools.gnu-tools-for-stm32.11.3.rel1.win32_1.1.0.202305231506/tools/bin/../lib/gcc/arm-none-eabi/11.3.1/../../../../arm-none-eabi/lib/thumb/v7e-m+fp/hard\libc_nano.a(libc_a-mallocr.o)
                0x0000000020002b60                __malloc_free_list
 .bss.__malloc_sbrk_start
                0x0000000020002b64        0x4 C:/ST/STM32CubeIDE_1.12.0/STM32CubeIDE/plugins/com.st.stm32cube.ide.mcu.externaltools.gnu-tools-for-stm32.11.3.rel1.win32_1.1.0.202305231506/tools/bin/../lib/gcc/arm-none-eabi/11.3.1/../../../../arm-none-eabi/lib/thumb/v7e-m+fp/hard\libc_nano.a(libc_a-mallocr.o)
                0x0000000020002b64                __malloc_sbrk_start
 *(COMMON)
                0x0000000020002b68                . = ALIGN (0x4)
                0x0000000020002b68                _ebss = .
                0x0000000020002b68                __bss_end__ = _ebss

._user_heap_stack
                0x0000000020002b68      0x600 load address 0x0000000008020e30
                0x0000000020002b68                . = ALIGN (0x8)
                [!provide]                        PROVIDE (end = .)
                0x0000000020002b68                PROVIDE (_end = .)
                0x0000000020002d68                . = (. + _Min_Heap_Size)
 *fill*         0x0000000020002b68      0x200 
                0x0000000020003168                . = (. + _Min_Stack_Size)
 *fill*         0x0000000020002d68      0x400 
                0x0000000020003168                . = ALIGN (0x8)

/DISCARD/
 libc.a(*)
 libm.a(*)
 libgcc.a(*)

.ARM.attributes
                0x0000000000000000       0x30
 *(.ARM.attributes)
 .ARM.attributes
                0x0000000000000000       0x1e C:/ST/STM32CubeIDE_1.12.0/STM32CubeIDE/plugins/com.st.stm32cube.ide.mcu.externaltools.gnu-tools-for-stm32.11.3.rel1.win32_1.1.0.202305231506/tools/bin/../lib/gcc/arm-none-eabi/11.3.1/thumb/v7e-m+fp/hard/crti.o
 .ARM.attributes
                0x000000000000001e       0x34 C:/ST/STM32CubeIDE_1.12.0/STM32CubeIDE/plugins/com.st.stm32cube.ide.mcu.externaltools.gnu-tools-for-stm32.11.3.rel1.win32_1.1.0.202305231506/tools/bin/../lib/gcc/arm-none-eabi/11.3.1/thumb/v7e-m+fp/hard/crtbegin.o
 .ARM.attributes
                0x0000000000000052       0x34 ./Core/Src/gpio.o
 .ARM.attributes
                0x0000000000000086       0x34 ./Core/Src/main.o
 .ARM.attributes
                0x00000000000000ba       0x34 ./Core/Src/stm32f4xx_hal_msp.o
 .ARM.attributes
                0x00000000000000ee       0x34 ./Core/Src/stm32f4xx_it.o
 .ARM.attributes
                0x0000000000000122       0x34 ./Core/Src/stm32f4xx_nucleo_bus.o
 .ARM.attributes
                0x0000000000000156       0x34 ./Core/Src/syscalls.o
 .ARM.attributes
                0x000000000000018a       0x34 ./Core/Src/sysmem.o
 .ARM.attributes
                0x00000000000001be       0x34 ./Core/Src/system_stm32f4xx.o
 .ARM.attributes
                0x00000000000001f2       0x34 ./Core/Src/tim.o
 .ARM.attributes
                0x0000000000000226       0x21 ./Core/Startup/startup_stm32f446retx.o
 .ARM.attributes
                0x0000000000000247       0x34 ./Drivers/BSP/53L5A1/53l5a1_ranging_sensor.o
 .ARM.attributes
                0x000000000000027b       0x34 ./Drivers/BSP/Components/vl53l5cx/modules/vl53l5cx_api.o
 .ARM.attributes
                0x00000000000002af       0x34 ./Drivers/BSP/Components/vl53l5cx/modules/vl53l5cx_plugin_detection_thresholds.o
 .ARM.attributes
                0x00000000000002e3       0x34 ./Drivers/BSP/Components/vl53l5cx/modules/vl53l5cx_plugin_xtalk.o
 .ARM.attributes
                0x0000000000000317       0x34 ./Drivers/BSP/Components/vl53l5cx/porting/platform.o
 .ARM.attributes
                0x000000000000034b       0x34 ./Drivers/BSP/Components/vl53l5cx/vl53l5cx.o
 .ARM.attributes
                0x000000000000037f       0x34 ./Drivers/BSP/STM32F4xx_Nucleo/stm32f4xx_nucleo.o
 .ARM.attributes
                0x00000000000003b3       0x34 ./Drivers/STM32F4xx_HAL_Driver/Src/stm32f4xx_hal.o
 .ARM.attributes
                0x00000000000003e7       0x34 ./Drivers/STM32F4xx_HAL_Driver/Src/stm32f4xx_hal_cortex.o
 .ARM.attributes
                0x000000000000041b       0x34 ./Drivers/STM32F4xx_HAL_Driver/Src/stm32f4xx_hal_exti.o
 .ARM.attributes
                0x000000000000044f       0x34 ./Drivers/STM32F4xx_HAL_Driver/Src/stm32f4xx_hal_gpio.o
 .ARM.attributes
                0x0000000000000483       0x34 ./Drivers/STM32F4xx_HAL_Driver/Src/stm32f4xx_hal_i2c.o
 .ARM.attributes
                0x00000000000004b7       0x34 ./Drivers/STM32F4xx_HAL_Driver/Src/stm32f4xx_hal_rcc.o
 .ARM.attributes
                0x00000000000004eb       0x34 ./Drivers/STM32F4xx_HAL_Driver/Src/stm32f4xx_hal_rcc_ex.o
 .ARM.attributes
                0x000000000000051f       0x34 ./Drivers/STM32F4xx_HAL_Driver/Src/stm32f4xx_hal_tim.o
 .ARM.attributes
                0x0000000000000553       0x34 ./Drivers/STM32F4xx_HAL_Driver/Src/stm32f4xx_hal_tim_ex.o
 .ARM.attributes
                0x0000000000000587       0x34 ./Drivers/STM32F4xx_HAL_Driver/Src/stm32f4xx_hal_uart.o
 .ARM.attributes
                0x00000000000005bb       0x34 ./TOF/App/app_tof.o
 .ARM.attributes
                0x00000000000005ef       0x34 ./TOF/Target/app_tof_pin_conf.o
 .ARM.attributes
                0x0000000000000623       0x34 C:/ST/STM32CubeIDE_1.12.0/STM32CubeIDE/plugins/com.st.stm32cube.ide.mcu.externaltools.gnu-tools-for-stm32.11.3.rel1.win32_1.1.0.202305231506/tools/bin/../lib/gcc/arm-none-eabi/11.3.1/../../../../arm-none-eabi/lib/thumb/v7e-m+fp/hard\libc_nano.a(libc_a-findfp.o)
 .ARM.attributes
                0x0000000000000657       0x34 C:/ST/STM32CubeIDE_1.12.0/STM32CubeIDE/plugins/com.st.stm32cube.ide.mcu.externaltools.gnu-tools-for-stm32.11.3.rel1.win32_1.1.0.202305231506/tools/bin/../lib/gcc/arm-none-eabi/11.3.1/../../../../arm-none-eabi/lib/thumb/v7e-m+fp/hard\libc_nano.a(libc_a-fwalk.o)
 .ARM.attributes
                0x000000000000068b       0x34 C:/ST/STM32CubeIDE_1.12.0/STM32CubeIDE/plugins/com.st.stm32cube.ide.mcu.externaltools.gnu-tools-for-stm32.11.3.rel1.win32_1.1.0.202305231506/tools/bin/../lib/gcc/arm-none-eabi/11.3.1/../../../../arm-none-eabi/lib/thumb/v7e-m+fp/hard\libc_nano.a(libc_a-printf.o)
 .ARM.attributes
                0x00000000000006bf       0x34 C:/ST/STM32CubeIDE_1.12.0/STM32CubeIDE/plugins/com.st.stm32cube.ide.mcu.externaltools.gnu-tools-for-stm32.11.3.rel1.win32_1.1.0.202305231506/tools/bin/../lib/gcc/arm-none-eabi/11.3.1/../../../../arm-none-eabi/lib/thumb/v7e-m+fp/hard\libc_nano.a(libc_a-puts.o)
 .ARM.attributes
                0x00000000000006f3       0x34 C:/ST/STM32CubeIDE_1.12.0/STM32CubeIDE/plugins/com.st.stm32cube.ide.mcu.externaltools.gnu-tools-for-stm32.11.3.rel1.win32_1.1.0.202305231506/tools/bin/../lib/gcc/arm-none-eabi/11.3.1/../../../../arm-none-eabi/lib/thumb/v7e-m+fp/hard\libc_nano.a(libc_a-stdio.o)
 .ARM.attributes