../TOF/App/app_tof.c:62:6:MX_TOF_Init	8	static
../TOF/App/app_tof.c:84:6:MX_TOF_Process	8	static
../TOF/App/app_tof.c:97:13:MX_53L5A1_SimpleRanging_Init	8	static
../TOF/App/app_tof.c:118:6:get_3_row	32	static
../TOF/App/app_tof.c:151:6:TOF_Read_Distances	24	static
../TOF/App/app_tof.c:207:13:MX_53L5A1_SimpleRanging_Process	16	static
../TOF/App/app_tof.c:250:13:print_result	32	static
../TOF/App/app_tof.c:331:13:toggle_resolution	8	static
../TOF/App/app_tof.c:361:13:toggle_signal_and_ambient	8	static
../TOF/App/app_tof.c:372:13:clear_screen	8	static
../TOF/App/app_tof.c:377:13:display_commands_banner	8	static
../TOF/App/app_tof.c:392:13:handle_cmd	16	static
../TOF/App/app_tof.c:415:16:get_key	16	static
../TOF/App/app_tof.c:424:17:com_has_data	4	static
../TOF/App/app_tof.c:429:6:BSP_PB_Callback	16	static
